../Core/Src/printf.c:276:38:get_bit_access	32	static
../Core/Src/printf.c:283:19:get_sign_bit	32	static
../Core/Src/printf.c:289:19:get_exp2	24	static
../Core/Src/printf.c:326:20:putchar_via_gadget	24	static
../Core/Src/printf.c:346:20:append_termination_with_gadget	24	static
../Core/Src/printf.c:360:20:putchar_wrapper	16	static
../Core/Src/printf.c:366:31:discarding_gadget	48	static
../Core/Src/printf.c:377:31:buffer_gadget	56	static
../Core/Src/printf.c:389:31:function_gadget	56	static
../Core/Src/printf.c:398:31:extern_putchar_gadget	16	static
../Core/Src/printf.c:407:29:strnlen_s_	24	static
../Core/Src/printf.c:417:20:is_digit_	16	static
../Core/Src/printf.c:424:22:atou_	24	static
../Core/Src/printf.c:435:13:out_rev_	32	static
../Core/Src/printf.c:462:13:print_integer_finalization	48	static
../Core/Src/printf.c:529:13:print_integer	104	static
../Core/Src/printf.c:584:33:get_components	88	static
../Core/Src/printf.c:625:15:apply_scaling	16	static
../Core/Src/printf.c:630:15:unapply_scaling	16	static
../Core/Src/printf.c:643:30:update_normalization	72	static
../Core/Src/printf.c:667:33:get_normalized_components	168	static
../Core/Src/printf.c:708:13:print_broken_up_decimal	40	static
../Core/Src/printf.c:791:13:print_decimal_number	88	static
../Core/Src/printf.c:801:12:bastardized_floor	24	static
../Core/Src/printf.c:810:15:log10_of_positive	56	static
../Core/Src/printf.c:843:15:pow10_of_int	72	static
../Core/Src/printf.c:861:13:print_exponential_number	200	static
../Core/Src/printf.c:975:13:print_floating_point	96	static
../Core/Src/printf.c:1028:23:parse_flags	24	static
../Core/Src/printf.c:1043:20:format_string_loop	192	static
../Core/Src/printf.c:1356:12:vsnprintf_impl	24	static
../Core/Src/printf.c:1371:5:vprintf_	48	static
../Core/Src/printf.c:1377:5:vsnprintf_	56	static
../Core/Src/printf.c:1383:5:vsprintf_	24	static
../Core/Src/printf.c:1388:5:vfctprintf	56	static
../Core/Src/printf.c:1394:5:printf_	16	static
../Core/Src/printf.c:1405:5:sprintf_	28	static
../Core/Src/printf.c:1414:5:snprintf_	24	static
../Core/Src/printf.c:1423:5:fctprintf	24	static
../Core/Src/printf.c:1433:6:putchar_	16	static
