19:43:01 **** Clean-only build of configuration Debug for project IMU_Testing ****
make -j7 clean 
rm -rf ./Drivers/STM32L0xx_HAL_Driver/Src/stm32l0xx_hal.cyclo ./Drivers/STM32L0xx_HAL_Driver/Src/stm32l0xx_hal.d ./Drivers/STM32L0xx_HAL_Driver/Src/stm32l0xx_hal.o ./Drivers/STM32L0xx_HAL_Driver/Src/stm32l0xx_hal.su ./Drivers/STM32L0xx_HAL_Driver/Src/stm32l0xx_hal_cortex.cyclo ./Drivers/STM32L0xx_HAL_Driver/Src/stm32l0xx_hal_cortex.d ./Drivers/STM32L0xx_HAL_Driver/Src/stm32l0xx_hal_cortex.o ./Drivers/STM32L0xx_HAL_Driver/Src/stm32l0xx_hal_cortex.su ./Drivers/STM32L0xx_HAL_Driver/Src/stm32l0xx_hal_dma.cyclo ./Drivers/STM32L0xx_HAL_Driver/Src/stm32l0xx_hal_dma.d ./Drivers/STM32L0xx_HAL_Driver/Src/stm32l0xx_hal_dma.o ./Drivers/STM32L0xx_HAL_Driver/Src/stm32l0xx_hal_dma.su ./Drivers/STM32L0xx_HAL_Driver/Src/stm32l0xx_hal_exti.cyclo ./Drivers/STM32L0xx_HAL_Driver/Src/stm32l0xx_hal_exti.d ./Drivers/STM32L0xx_HAL_Driver/Src/stm32l0xx_hal_exti.o ./Drivers/STM32L0xx_HAL_Driver/Src/stm32l0xx_hal_exti.su ./Drivers/STM32L0xx_HAL_Driver/Src/stm32l0xx_hal_flash.cyclo ./Drivers/STM32L0xx_HAL_Driver/Src/stm32l0xx_hal_flash.d ./Drivers/STM32L0xx_HAL_Driver/Src/stm32l0xx_hal_flash.o ./Drivers/STM32L0xx_HAL_Driver/Src/stm32l0xx_hal_flash.su ./Drivers/STM32L0xx_HAL_Driver/Src/stm32l0xx_hal_flash_ex.cyclo ./Drivers/STM32L0xx_HAL_Driver/Src/stm32l0xx_hal_flash_ex.d ./Drivers/STM32L0xx_HAL_Driver/Src/stm32l0xx_hal_flash_ex.o ./Drivers/STM32L0xx_HAL_Driver/Src/stm32l0xx_hal_flash_ex.su ./Drivers/STM32L0xx_HAL_Driver/Src/stm32l0xx_hal_flash_ramfunc.cyclo ./Drivers/STM32L0xx_HAL_Driver/Src/stm32l0xx_hal_flash_ramfunc.d ./Drivers/STM32L0xx_HAL_Driver/Src/stm32l0xx_hal_flash_ramfunc.o ./Drivers/STM32L0xx_HAL_Driver/Src/stm32l0xx_hal_flash_ramfunc.su ./Drivers/STM32L0xx_HAL_Driver/Src/stm32l0xx_hal_gpio.cyclo ./Drivers/STM32L0xx_HAL_Driver/Src/stm32l0xx_hal_gpio.d ./Drivers/STM32L0xx_HAL_Driver/Src/stm32l0xx_hal_gpio.o ./Drivers/STM32L0xx_HAL_Driver/Src/stm32l0xx_hal_gpio.su ./Drivers/STM32L0xx_HAL_Driver/Src/stm32l0xx_hal_i2c.cyclo ./Drivers/STM32L0xx_HAL_Driver/Src/stm32l0xx_hal_i2c.d ./Drivers/STM32L0xx_HAL_Driver/Src/stm32l0xx_hal_i2c.o ./Drivers/STM32L0xx_HAL_Driver/Src/stm32l0xx_hal_i2c.su ./Drivers/STM32L0xx_HAL_Driver/Src/stm32l0xx_hal_i2c_ex.cyclo ./Drivers/STM32L0xx_HAL_Driver/Src/stm32l0xx_hal_i2c_ex.d ./Drivers/STM32L0xx_HAL_Driver/Src/stm32l0xx_hal_i2c_ex.o ./Drivers/STM32L0xx_HAL_Driver/Src/stm32l0xx_hal_i2c_ex.su ./Drivers/STM32L0xx_HAL_Driver/Src/stm32l0xx_hal_pwr.cyclo ./Drivers/STM32L0xx_HAL_Driver/Src/stm32l0xx_hal_pwr.d ./Drivers/STM32L0xx_HAL_Driver/Src/stm32l0xx_hal_pwr.o ./Drivers/STM32L0xx_HAL_Driver/Src/stm32l0xx_hal_pwr.su ./Drivers/STM32L0xx_HAL_Driver/Src/stm32l0xx_hal_pwr_ex.cyclo ./Drivers/STM32L0xx_HAL_Driver/Src/stm32l0xx_hal_pwr_ex.d ./Drivers/STM32L0xx_HAL_Driver/Src/stm32l0xx_hal_pwr_ex.o ./Drivers/STM32L0xx_HAL_Driver/Src/stm32l0xx_hal_pwr_ex.su ./Drivers/STM32L0xx_HAL_Driver/Src/stm32l0xx_hal_rcc.cyclo ./Drivers/STM32L0xx_HAL_Driver/Src/stm32l0xx_hal_rcc.d ./Drivers/STM32L0xx_HAL_Driver/Src/stm32l0xx_hal_rcc.o ./Drivers/STM32L0xx_HAL_Driver/Src/stm32l0xx_hal_rcc.su ./Drivers/STM32L0xx_HAL_Driver/Src/stm32l0xx_hal_rcc_ex.cyclo ./Drivers/STM32L0xx_HAL_Driver/Src/stm32l0xx_hal_rcc_ex.d ./Drivers/STM32L0xx_HAL_Driver/Src/stm32l0xx_hal_rcc_ex.o ./Drivers/STM32L0xx_HAL_Driver/Src/stm32l0xx_hal_rcc_ex.su ./Drivers/STM32L0xx_HAL_Driver/Src/stm32l0xx_hal_tim.cyclo ./Drivers/STM32L0xx_HAL_Driver/Src/stm32l0xx_hal_tim.d ./Drivers/STM32L0xx_HAL_Driver/Src/stm32l0xx_hal_tim.o ./Drivers/STM32L0xx_HAL_Driver/Src/stm32l0xx_hal_tim.su ./Drivers/STM32L0xx_HAL_Driver/Src/stm32l0xx_hal_tim_ex.cyclo ./Drivers/STM32L0xx_HAL_Driver/Src/stm32l0xx_hal_tim_ex.d ./Drivers/STM32L0xx_HAL_Driver/Src/stm32l0xx_hal_tim_ex.o ./Drivers/STM32L0xx_HAL_Driver/Src/stm32l0xx_hal_tim_ex.su ./Drivers/STM32L0xx_HAL_Driver/Src/stm32l0xx_hal_uart.cyclo ./Drivers/STM32L0xx_HAL_Driver/Src/stm32l0xx_hal_uart.d ./Drivers/STM32L0xx_HAL_Driver/Src/stm32l0xx_hal_uart.o ./Drivers/STM32L0xx_HAL_Driver/Src/stm32l0xx_hal_uart.su ./Drivers/STM32L0xx_HAL_Driver/Src/stm32l0xx_hal_uart_ex.cyclo ./Drivers/STM32L0xx_HAL_Driver/Src/stm32l0xx_hal_uart_ex.d ./Drivers/STM32L0xx_HAL_Driver/Src/stm32l0xx_hal_uart_ex.o ./Drivers/STM32L0xx_HAL_Driver/Src/stm32l0xx_hal_uart_ex.su
rm -rf ./Core/Startup/startup_stm32l073rztx.d ./Core/Startup/startup_stm32l073rztx.o
rm -rf ./Core/Src/main.cyclo ./Core/Src/main.d ./Core/Src/main.o ./Core/Src/main.su ./Core/Src/printf.cyclo ./Core/Src/printf.d ./Core/Src/printf.o ./Core/Src/printf.su ./Core/Src/stm32l0xx_hal_msp.cyclo ./Core/Src/stm32l0xx_hal_msp.d ./Core/Src/stm32l0xx_hal_msp.o ./Core/Src/stm32l0xx_hal_msp.su ./Core/Src/stm32l0xx_it.cyclo ./Core/Src/stm32l0xx_it.d ./Core/Src/stm32l0xx_it.o ./Core/Src/stm32l0xx_it.su ./Core/Src/syscalls.cyclo ./Core/Src/syscalls.d ./Core/Src/syscalls.o ./Core/Src/syscalls.su ./Core/Src/sysmem.cyclo ./Core/Src/sysmem.d ./Core/Src/sysmem.o ./Core/Src/sysmem.su ./Core/Src/system_stm32l0xx.cyclo ./Core/Src/system_stm32l0xx.d ./Core/Src/system_stm32l0xx.o ./Core/Src/system_stm32l0xx.su
rm -rf IMU_Testing.elf IMU_Testing.list IMU_Testing.map default.size.stdout
 
19:43:05 **** Build of configuration Debug for project IMU_Testing ****
make -j7 all 
arm-none-eabi-gcc "../Drivers/STM32L0xx_HAL_Driver/Src/stm32l0xx_hal.c" -mcpu=cortex-m0plus -std=gnu11 -g3 -DDEBUG -DUSE_HAL_DRIVER -DSTM32L073xx -c -I../Core/Inc -I../Drivers/STM32L0xx_HAL_Driver/Inc -I../Drivers/STM32L0xx_HAL_Driver/Inc/Legacy -I../Drivers/CMSIS/Device/ST/STM32L0xx/Include -I../Drivers/CMSIS/Include -O0 -ffunction-sections -fdata-sections -Wall -fstack-usage -fcyclomatic-complexity -MMD -MP -MF"Drivers/STM32L0xx_HAL_Driver/Src/stm32l0xx_hal.d" -MT"Drivers/STM32L0xx_HAL_Driver/Src/stm32l0xx_hal.o" --specs=nano.specs -mfloat-abi=soft -mthumb -o "Drivers/STM32L0xx_HAL_Driver/Src/stm32l0xx_hal.o"
arm-none-eabi-gcc "../Drivers/STM32L0xx_HAL_Driver/Src/stm32l0xx_hal_cortex.c" -mcpu=cortex-m0plus -std=gnu11 -g3 -DDEBUG -DUSE_HAL_DRIVER -DSTM32L073xx -c -I../Core/Inc -I../Drivers/STM32L0xx_HAL_Driver/Inc -I../Drivers/STM32L0xx_HAL_Driver/Inc/Legacy -I../Drivers/CMSIS/Device/ST/STM32L0xx/Include -I../Drivers/CMSIS/Include -O0 -ffunction-sections -fdata-sections -Wall -fstack-usage -fcyclomatic-complexity -MMD -MP -MF"Drivers/STM32L0xx_HAL_Driver/Src/stm32l0xx_hal_cortex.d" -MT"Drivers/STM32L0xx_HAL_Driver/Src/stm32l0xx_hal_cortex.o" --specs=nano.specs -mfloat-abi=soft -mthumb -o "Drivers/STM32L0xx_HAL_Driver/Src/stm32l0xx_hal_cortex.o"
arm-none-eabi-gcc "../Drivers/STM32L0xx_HAL_Driver/Src/stm32l0xx_hal_dma.c" -mcpu=cortex-m0plus -std=gnu11 -g3 -DDEBUG -DUSE_HAL_DRIVER -DSTM32L073xx -c -I../Core/Inc -I../Drivers/STM32L0xx_HAL_Driver/Inc -I../Drivers/STM32L0xx_HAL_Driver/Inc/Legacy -I../Drivers/CMSIS/Device/ST/STM32L0xx/Include -I../Drivers/CMSIS/Include -O0 -ffunction-sections -fdata-sections -Wall -fstack-usage -fcyclomatic-complexity -MMD -MP -MF"Drivers/STM32L0xx_HAL_Driver/Src/stm32l0xx_hal_dma.d" -MT"Drivers/STM32L0xx_HAL_Driver/Src/stm32l0xx_hal_dma.o" --specs=nano.specs -mfloat-abi=soft -mthumb -o "Drivers/STM32L0xx_HAL_Driver/Src/stm32l0xx_hal_dma.o"
arm-none-eabi-gcc "../Drivers/STM32L0xx_HAL_Driver/Src/stm32l0xx_hal_exti.c" -mcpu=cortex-m0plus -std=gnu11 -g3 -DDEBUG -DUSE_HAL_DRIVER -DSTM32L073xx -c -I../Core/Inc -I../Drivers/STM32L0xx_HAL_Driver/Inc -I../Drivers/STM32L0xx_HAL_Driver/Inc/Legacy -I../Drivers/CMSIS/Device/ST/STM32L0xx/Include -I../Drivers/CMSIS/Include -O0 -ffunction-sections -fdata-sections -Wall -fstack-usage -fcyclomatic-complexity -MMD -MP -MF"Drivers/STM32L0xx_HAL_Driver/Src/stm32l0xx_hal_exti.d" -MT"Drivers/STM32L0xx_HAL_Driver/Src/stm32l0xx_hal_exti.o" --specs=nano.specs -mfloat-abi=soft -mthumb -o "Drivers/STM32L0xx_HAL_Driver/Src/stm32l0xx_hal_exti.o"
arm-none-eabi-gcc "../Drivers/STM32L0xx_HAL_Driver/Src/stm32l0xx_hal_flash.c" -mcpu=cortex-m0plus -std=gnu11 -g3 -DDEBUG -DUSE_HAL_DRIVER -DSTM32L073xx -c -I../Core/Inc -I../Drivers/STM32L0xx_HAL_Driver/Inc -I../Drivers/STM32L0xx_HAL_Driver/Inc/Legacy -I../Drivers/CMSIS/Device/ST/STM32L0xx/Include -I../Drivers/CMSIS/Include -O0 -ffunction-sections -fdata-sections -Wall -fstack-usage -fcyclomatic-complexity -MMD -MP -MF"Drivers/STM32L0xx_HAL_Driver/Src/stm32l0xx_hal_flash.d" -MT"Drivers/STM32L0xx_HAL_Driver/Src/stm32l0xx_hal_flash.o" --specs=nano.specs -mfloat-abi=soft -mthumb -o "Drivers/STM32L0xx_HAL_Driver/Src/stm32l0xx_hal_flash.o"
arm-none-eabi-gcc "../Drivers/STM32L0xx_HAL_Driver/Src/stm32l0xx_hal_flash_ex.c" -mcpu=cortex-m0plus -std=gnu11 -g3 -DDEBUG -DUSE_HAL_DRIVER -DSTM32L073xx -c -I../Core/Inc -I../Drivers/STM32L0xx_HAL_Driver/Inc -I../Drivers/STM32L0xx_HAL_Driver/Inc/Legacy -I../Drivers/CMSIS/Device/ST/STM32L0xx/Include -I../Drivers/CMSIS/Include -O0 -ffunction-sections -fdata-sections -Wall -fstack-usage -fcyclomatic-complexity -MMD -MP -MF"Drivers/STM32L0xx_HAL_Driver/Src/stm32l0xx_hal_flash_ex.d" -MT"Drivers/STM32L0xx_HAL_Driver/Src/stm32l0xx_hal_flash_ex.o" --specs=nano.specs -mfloat-abi=soft -mthumb -o "Drivers/STM32L0xx_HAL_Driver/Src/stm32l0xx_hal_flash_ex.o"
arm-none-eabi-gcc "../Drivers/STM32L0xx_HAL_Driver/Src/stm32l0xx_hal_flash_ramfunc.c" -mcpu=cortex-m0plus -std=gnu11 -g3 -DDEBUG -DUSE_HAL_DRIVER -DSTM32L073xx -c -I../Core/Inc -I../Drivers/STM32L0xx_HAL_Driver/Inc -I../Drivers/STM32L0xx_HAL_Driver/Inc/Legacy -I../Drivers/CMSIS/Device/ST/STM32L0xx/Include -I../Drivers/CMSIS/Include -O0 -ffunction-sections -fdata-sections -Wall -fstack-usage -fcyclomatic-complexity -MMD -MP -MF"Drivers/STM32L0xx_HAL_Driver/Src/stm32l0xx_hal_flash_ramfunc.d" -MT"Drivers/STM32L0xx_HAL_Driver/Src/stm32l0xx_hal_flash_ramfunc.o" --specs=nano.specs -mfloat-abi=soft -mthumb -o "Drivers/STM32L0xx_HAL_Driver/Src/stm32l0xx_hal_flash_ramfunc.o"
arm-none-eabi-gcc "../Drivers/STM32L0xx_HAL_Driver/Src/stm32l0xx_hal_gpio.c" -mcpu=cortex-m0plus -std=gnu11 -g3 -DDEBUG -DUSE_HAL_DRIVER -DSTM32L073xx -c -I../Core/Inc -I../Drivers/STM32L0xx_HAL_Driver/Inc -I../Drivers/STM32L0xx_HAL_Driver/Inc/Legacy -I../Drivers/CMSIS/Device/ST/STM32L0xx/Include -I../Drivers/CMSIS/Include -O0 -ffunction-sections -fdata-sections -Wall -fstack-usage -fcyclomatic-complexity -MMD -MP -MF"Drivers/STM32L0xx_HAL_Driver/Src/stm32l0xx_hal_gpio.d" -MT"Drivers/STM32L0xx_HAL_Driver/Src/stm32l0xx_hal_gpio.o" --specs=nano.specs -mfloat-abi=soft -mthumb -o "Drivers/STM32L0xx_HAL_Driver/Src/stm32l0xx_hal_gpio.o"
arm-none-eabi-gcc "../Drivers/STM32L0xx_HAL_Driver/Src/stm32l0xx_hal_i2c.c" -mcpu=cortex-m0plus -std=gnu11 -g3 -DDEBUG -DUSE_HAL_DRIVER -DSTM32L073xx -c -I../Core/Inc -I../Drivers/STM32L0xx_HAL_Driver/Inc -I../Drivers/STM32L0xx_HAL_Driver/Inc/Legacy -I../Drivers/CMSIS/Device/ST/STM32L0xx/Include -I../Drivers/CMSIS/Include -O0 -ffunction-sections -fdata-sections -Wall -fstack-usage -fcyclomatic-complexity -MMD -MP -MF"Drivers/STM32L0xx_HAL_Driver/Src/stm32l0xx_hal_i2c.d" -MT"Drivers/STM32L0xx_HAL_Driver/Src/stm32l0xx_hal_i2c.o" --specs=nano.specs -mfloat-abi=soft -mthumb -o "Drivers/STM32L0xx_HAL_Driver/Src/stm32l0xx_hal_i2c.o"
arm-none-eabi-gcc "../Drivers/STM32L0xx_HAL_Driver/Src/stm32l0xx_hal_i2c_ex.c" -mcpu=cortex-m0plus -std=gnu11 -g3 -DDEBUG -DUSE_HAL_DRIVER -DSTM32L073xx -c -I../Core/Inc -I../Drivers/STM32L0xx_HAL_Driver/Inc -I../Drivers/STM32L0xx_HAL_Driver/Inc/Legacy -I../Drivers/CMSIS/Device/ST/STM32L0xx/Include -I../Drivers/CMSIS/Include -O0 -ffunction-sections -fdata-sections -Wall -fstack-usage -fcyclomatic-complexity -MMD -MP -MF"Drivers/STM32L0xx_HAL_Driver/Src/stm32l0xx_hal_i2c_ex.d" -MT"Drivers/STM32L0xx_HAL_Driver/Src/stm32l0xx_hal_i2c_ex.o" --specs=nano.specs -mfloat-abi=soft -mthumb -o "Drivers/STM32L0xx_HAL_Driver/Src/stm32l0xx_hal_i2c_ex.o"
arm-none-eabi-gcc "../Drivers/STM32L0xx_HAL_Driver/Src/stm32l0xx_hal_pwr.c" -mcpu=cortex-m0plus -std=gnu11 -g3 -DDEBUG -DUSE_HAL_DRIVER -DSTM32L073xx -c -I../Core/Inc -I../Drivers/STM32L0xx_HAL_Driver/Inc -I../Drivers/STM32L0xx_HAL_Driver/Inc/Legacy -I../Drivers/CMSIS/Device/ST/STM32L0xx/Include -I../Drivers/CMSIS/Include -O0 -ffunction-sections -fdata-sections -Wall -fstack-usage -fcyclomatic-complexity -MMD -MP -MF"Drivers/STM32L0xx_HAL_Driver/Src/stm32l0xx_hal_pwr.d" -MT"Drivers/STM32L0xx_HAL_Driver/Src/stm32l0xx_hal_pwr.o" --specs=nano.specs -mfloat-abi=soft -mthumb -o "Drivers/STM32L0xx_HAL_Driver/Src/stm32l0xx_hal_pwr.o"
arm-none-eabi-gcc "../Drivers/STM32L0xx_HAL_Driver/Src/stm32l0xx_hal_pwr_ex.c" -mcpu=cortex-m0plus -std=gnu11 -g3 -DDEBUG -DUSE_HAL_DRIVER -DSTM32L073xx -c -I../Core/Inc -I../Drivers/STM32L0xx_HAL_Driver/Inc -I../Drivers/STM32L0xx_HAL_Driver/Inc/Legacy -I../Drivers/CMSIS/Device/ST/STM32L0xx/Include -I../Drivers/CMSIS/Include -O0 -ffunction-sections -fdata-sections -Wall -fstack-usage -fcyclomatic-complexity -MMD -MP -MF"Drivers/STM32L0xx_HAL_Driver/Src/stm32l0xx_hal_pwr_ex.d" -MT"Drivers/STM32L0xx_HAL_Driver/Src/stm32l0xx_hal_pwr_ex.o" --specs=nano.specs -mfloat-abi=soft -mthumb -o "Drivers/STM32L0xx_HAL_Driver/Src/stm32l0xx_hal_pwr_ex.o"
arm-none-eabi-gcc "../Drivers/STM32L0xx_HAL_Driver/Src/stm32l0xx_hal_rcc.c" -mcpu=cortex-m0plus -std=gnu11 -g3 -DDEBUG -DUSE_HAL_DRIVER -DSTM32L073xx -c -I../Core/Inc -I../Drivers/STM32L0xx_HAL_Driver/Inc -I../Drivers/STM32L0xx_HAL_Driver/Inc/Legacy -I../Drivers/CMSIS/Device/ST/STM32L0xx/Include -I../Drivers/CMSIS/Include -O0 -ffunction-sections -fdata-sections -Wall -fstack-usage -fcyclomatic-complexity -MMD -MP -MF"Drivers/STM32L0xx_HAL_Driver/Src/stm32l0xx_hal_rcc.d" -MT"Drivers/STM32L0xx_HAL_Driver/Src/stm32l0xx_hal_rcc.o" --specs=nano.specs -mfloat-abi=soft -mthumb -o "Drivers/STM32L0xx_HAL_Driver/Src/stm32l0xx_hal_rcc.o"
arm-none-eabi-gcc "../Drivers/STM32L0xx_HAL_Driver/Src/stm32l0xx_hal_rcc_ex.c" -mcpu=cortex-m0plus -std=gnu11 -g3 -DDEBUG -DUSE_HAL_DRIVER -DSTM32L073xx -c -I../Core/Inc -I../Drivers/STM32L0xx_HAL_Driver/Inc -I../Drivers/STM32L0xx_HAL_Driver/Inc/Legacy -I../Drivers/CMSIS/Device/ST/STM32L0xx/Include -I../Drivers/CMSIS/Include -O0 -ffunction-sections -fdata-sections -Wall -fstack-usage -fcyclomatic-complexity -MMD -MP -MF"Drivers/STM32L0xx_HAL_Driver/Src/stm32l0xx_hal_rcc_ex.d" -MT"Drivers/STM32L0xx_HAL_Driver/Src/stm32l0xx_hal_rcc_ex.o" --specs=nano.specs -mfloat-abi=soft -mthumb -o "Drivers/STM32L0xx_HAL_Driver/Src/stm32l0xx_hal_rcc_ex.o"
arm-none-eabi-gcc "../Drivers/STM32L0xx_HAL_Driver/Src/stm32l0xx_hal_tim.c" -mcpu=cortex-m0plus -std=gnu11 -g3 -DDEBUG -DUSE_HAL_DRIVER -DSTM32L073xx -c -I../Core/Inc -I../Drivers/STM32L0xx_HAL_Driver/Inc -I../Drivers/STM32L0xx_HAL_Driver/Inc/Legacy -I../Drivers/CMSIS/Device/ST/STM32L0xx/Include -I../Drivers/CMSIS/Include -O0 -ffunction-sections -fdata-sections -Wall -fstack-usage -fcyclomatic-complexity -MMD -MP -MF"Drivers/STM32L0xx_HAL_Driver/Src/stm32l0xx_hal_tim.d" -MT"Drivers/STM32L0xx_HAL_Driver/Src/stm32l0xx_hal_tim.o" --specs=nano.specs -mfloat-abi=soft -mthumb -o "Drivers/STM32L0xx_HAL_Driver/Src/stm32l0xx_hal_tim.o"
arm-none-eabi-gcc "../Drivers/STM32L0xx_HAL_Driver/Src/stm32l0xx_hal_tim_ex.c" -mcpu=cortex-m0plus -std=gnu11 -g3 -DDEBUG -DUSE_HAL_DRIVER -DSTM32L073xx -c -I../Core/Inc -I../Drivers/STM32L0xx_HAL_Driver/Inc -I../Drivers/STM32L0xx_HAL_Driver/Inc/Legacy -I../Drivers/CMSIS/Device/ST/STM32L0xx/Include -I../Drivers/CMSIS/Include -O0 -ffunction-sections -fdata-sections -Wall -fstack-usage -fcyclomatic-complexity -MMD -MP -MF"Drivers/STM32L0xx_HAL_Driver/Src/stm32l0xx_hal_tim_ex.d" -MT"Drivers/STM32L0xx_HAL_Driver/Src/stm32l0xx_hal_tim_ex.o" --specs=nano.specs -mfloat-abi=soft -mthumb -o "Drivers/STM32L0xx_HAL_Driver/Src/stm32l0xx_hal_tim_ex.o"
arm-none-eabi-gcc "../Drivers/STM32L0xx_HAL_Driver/Src/stm32l0xx_hal_uart.c" -mcpu=cortex-m0plus -std=gnu11 -g3 -DDEBUG -DUSE_HAL_DRIVER -DSTM32L073xx -c -I../Core/Inc -I../Drivers/STM32L0xx_HAL_Driver/Inc -I../Drivers/STM32L0xx_HAL_Driver/Inc/Legacy -I../Drivers/CMSIS/Device/ST/STM32L0xx/Include -I../Drivers/CMSIS/Include -O0 -ffunction-sections -fdata-sections -Wall -fstack-usage -fcyclomatic-complexity -MMD -MP -MF"Drivers/STM32L0xx_HAL_Driver/Src/stm32l0xx_hal_uart.d" -MT"Drivers/STM32L0xx_HAL_Driver/Src/stm32l0xx_hal_uart.o" --specs=nano.specs -mfloat-abi=soft -mthumb -o "Drivers/STM32L0xx_HAL_Driver/Src/stm32l0xx_hal_uart.o"
arm-none-eabi-gcc "../Drivers/STM32L0xx_HAL_Driver/Src/stm32l0xx_hal_uart_ex.c" -mcpu=cortex-m0plus -std=gnu11 -g3 -DDEBUG -DUSE_HAL_DRIVER -DSTM32L073xx -c -I../Core/Inc -I../Drivers/STM32L0xx_HAL_Driver/Inc -I../Drivers/STM32L0xx_HAL_Driver/Inc/Legacy -I../Drivers/CMSIS/Device/ST/STM32L0xx/Include -I../Drivers/CMSIS/Include -O0 -ffunction-sections -fdata-sections -Wall -fstack-usage -fcyclomatic-complexity -MMD -MP -MF"Drivers/STM32L0xx_HAL_Driver/Src/stm32l0xx_hal_uart_ex.d" -MT"Drivers/STM32L0xx_HAL_Driver/Src/stm32l0xx_hal_uart_ex.o" --specs=nano.specs -mfloat-abi=soft -mthumb -o "Drivers/STM32L0xx_HAL_Driver/Src/stm32l0xx_hal_uart_ex.o"
arm-none-eabi-gcc -mcpu=cortex-m0plus -g3 -DDEBUG -c -x assembler-with-cpp -MMD -MP -MF"Core/Startup/startup_stm32l073rztx.d" -MT"Core/Startup/startup_stm32l073rztx.o" --specs=nano.specs -mfloat-abi=soft -mthumb -o "Core/Startup/startup_stm32l073rztx.o" "../Core/Startup/startup_stm32l073rztx.s"
arm-none-eabi-gcc "../Core/Src/main.c" -mcpu=cortex-m0plus -std=gnu11 -g3 -DDEBUG -DUSE_HAL_DRIVER -DSTM32L073xx -c -I../Core/Inc -I../Drivers/STM32L0xx_HAL_Driver/Inc -I../Drivers/STM32L0xx_HAL_Driver/Inc/Legacy -I../Drivers/CMSIS/Device/ST/STM32L0xx/Include -I../Drivers/CMSIS/Include -O0 -ffunction-sections -fdata-sections -Wall -fstack-usage -fcyclomatic-complexity -MMD -MP -MF"Core/Src/main.d" -MT"Core/Src/main.o" --specs=nano.specs -mfloat-abi=soft -mthumb -o "Core/Src/main.o"
arm-none-eabi-gcc "../Core/Src/printf.c" -mcpu=cortex-m0plus -std=gnu11 -g3 -DDEBUG -DUSE_HAL_DRIVER -DSTM32L073xx -c -I../Core/Inc -I../Drivers/STM32L0xx_HAL_Driver/Inc -I../Drivers/STM32L0xx_HAL_Driver/Inc/Legacy -I../Drivers/CMSIS/Device/ST/STM32L0xx/Include -I../Drivers/CMSIS/Include -O0 -ffunction-sections -fdata-sections -Wall -fstack-usage -fcyclomatic-complexity -MMD -MP -MF"Core/Src/printf.d" -MT"Core/Src/printf.o" --specs=nano.specs -mfloat-abi=soft -mthumb -o "Core/Src/printf.o"
arm-none-eabi-gcc "../Core/Src/stm32l0xx_hal_msp.c" -mcpu=cortex-m0plus -std=gnu11 -g3 -DDEBUG -DUSE_HAL_DRIVER -DSTM32L073xx -c -I../Core/Inc -I../Drivers/STM32L0xx_HAL_Driver/Inc -I../Drivers/STM32L0xx_HAL_Driver/Inc/Legacy -I../Drivers/CMSIS/Device/ST/STM32L0xx/Include -I../Drivers/CMSIS/Include -O0 -ffunction-sections -fdata-sections -Wall -fstack-usage -fcyclomatic-complexity -MMD -MP -MF"Core/Src/stm32l0xx_hal_msp.d" -MT"Core/Src/stm32l0xx_hal_msp.o" --specs=nano.specs -mfloat-abi=soft -mthumb -o "Core/Src/stm32l0xx_hal_msp.o"
arm-none-eabi-gcc "../Core/Src/stm32l0xx_it.c" -mcpu=cortex-m0plus -std=gnu11 -g3 -DDEBUG -DUSE_HAL_DRIVER -DSTM32L073xx -c -I../Core/Inc -I../Drivers/STM32L0xx_HAL_Driver/Inc -I../Drivers/STM32L0xx_HAL_Driver/Inc/Legacy -I../Drivers/CMSIS/Device/ST/STM32L0xx/Include -I../Drivers/CMSIS/Include -O0 -ffunction-sections -fdata-sections -Wall -fstack-usage -fcyclomatic-complexity -MMD -MP -MF"Core/Src/stm32l0xx_it.d" -MT"Core/Src/stm32l0xx_it.o" --specs=nano.specs -mfloat-abi=soft -mthumb -o "Core/Src/stm32l0xx_it.o"
arm-none-eabi-gcc "../Core/Src/syscalls.c" -mcpu=cortex-m0plus -std=gnu11 -g3 -DDEBUG -DUSE_HAL_DRIVER -DSTM32L073xx -c -I../Core/Inc -I../Drivers/STM32L0xx_HAL_Driver/Inc -I../Drivers/STM32L0xx_HAL_Driver/Inc/Legacy -I../Drivers/CMSIS/Device/ST/STM32L0xx/Include -I../Drivers/CMSIS/Include -O0 -ffunction-sections -fdata-sections -Wall -fstack-usage -fcyclomatic-complexity -MMD -MP -MF"Core/Src/syscalls.d" -MT"Core/Src/syscalls.o" --specs=nano.specs -mfloat-abi=soft -mthumb -o "Core/Src/syscalls.o"
../Core/Src/main.c: In function 'Print_Data':
../Core/Src/main.c:100:23: warning: passing argument 2 of 'snprintf_' makes integer from pointer without a cast [-Wint-conversion]
  100 |     snprintf_(buffer, "X: %d, Y: %d, Z: %d\r\n", x, y, z);
      |                       ^~~~~~~~~~~~~~~~~~~~~~~~~
      |                       |
      |                       char *
In file included from ../Core/Src/main.c:20:
../Core/Inc/printf.h:177:32: note: expected 'size_t' {aka 'unsigned int'} but argument is of type 'char *'
  177 | int  snprintf_(char* s, size_t count, const char* format, ...) ATTR_PRINTF(3, 4);
      |                         ~~~~~~~^~~~~
../Core/Src/main.c:100:50: warning: passing argument 3 of 'snprintf_' makes pointer from integer without a cast [-Wint-conversion]
  100 |     snprintf_(buffer, "X: %d, Y: %d, Z: %d\r\n", x, y, z);
      |                                                  ^
      |                                                  |
      |                                                  int16_t {aka short int}
../Core/Inc/printf.h:177:51: note: expected 'const char *' but argument is of type 'int16_t' {aka 'short int'}
  177 | int  snprintf_(char* s, size_t count, const char* format, ...) ATTR_PRINTF(3, 4);
      |                                       ~~~~~~~~~~~~^~~~~~
../Core/Src/main.c: In function 'main':
../Core/Src/main.c:158:24: warning: pointer targets in passing argument 1 of 'LSM6DSO_Read' differ in signedness [-Wpointer-sign]
  158 |           LSM6DSO_Read(&x,&y,&z);
      |                        ^~
      |                        |
      |                        int16_t * {aka short int *}
../Core/Src/main.c:72:29: note: expected 'uint16_t *' {aka 'short unsigned int *'} but argument is of type 'int16_t *' {aka 'short int *'}
   72 | void LSM6DSO_Read(uint16_t *x, uint16_t *y, uint16_t *z) {
      |                   ~~~~~~~~~~^
../Core/Src/main.c:158:27: warning: pointer targets in passing argument 2 of 'LSM6DSO_Read' differ in signedness [-Wpointer-sign]
  158 |           LSM6DSO_Read(&x,&y,&z);
      |                           ^~
      |                           |
      |                           int16_t * {aka short int *}
../Core/Src/main.c:72:42: note: expected 'uint16_t *' {aka 'short unsigned int *'} but argument is of type 'int16_t *' {aka 'short int *'}
   72 | void LSM6DSO_Read(uint16_t *x, uint16_t *y, uint16_t *z) {
      |                                ~~~~~~~~~~^
../Core/Src/main.c:158:30: warning: pointer targets in passing argument 3 of 'LSM6DSO_Read' differ in signedness [-Wpointer-sign]
  158 |           LSM6DSO_Read(&x,&y,&z);
      |                              ^~
      |                              |
      |                              int16_t * {aka short int *}
../Core/Src/main.c:72:55: note: expected 'uint16_t *' {aka 'short unsigned int *'} but argument is of type 'int16_t *' {aka 'short int *'}
   72 | void LSM6DSO_Read(uint16_t *x, uint16_t *y, uint16_t *z) {
      |                                             ~~~~~~~~~~^
../Core/Src/main.c: At top level:
../Core/Src/main.c:60:13: warning: 'MX_USART2_UART_Init' used but never defined
   60 | static void MX_USART2_UART_Init(void);
      |             ^~~~~~~~~~~~~~~~~~~
../Core/Src/main.c:266:13: warning: 'MX_USART4_UART_Init' defined but not used [-Wunused-function]
  266 | static void MX_USART4_UART_Init(void)
      |             ^~~~~~~~~~~~~~~~~~~
../Core/Src/main.c:53:22: warning: 'Accmtr_CTRL_REG' defined but not used [-Wunused-const-variable=]
   53 | static const uint8_t Accmtr_CTRL_REG = 0x10;
      |                      ^~~~~~~~~~~~~~~
arm-none-eabi-gcc "../Core/Src/sysmem.c" -mcpu=cortex-m0plus -std=gnu11 -g3 -DDEBUG -DUSE_HAL_DRIVER -DSTM32L073xx -c -I../Core/Inc -I../Drivers/STM32L0xx_HAL_Driver/Inc -I../Drivers/STM32L0xx_HAL_Driver/Inc/Legacy -I../Drivers/CMSIS/Device/ST/STM32L0xx/Include -I../Drivers/CMSIS/Include -O0 -ffunction-sections -fdata-sections -Wall -fstack-usage -fcyclomatic-complexity -MMD -MP -MF"Core/Src/sysmem.d" -MT"Core/Src/sysmem.o" --specs=nano.specs -mfloat-abi=soft -mthumb -o "Core/Src/sysmem.o"
arm-none-eabi-gcc "../Core/Src/system_stm32l0xx.c" -mcpu=cortex-m0plus -std=gnu11 -g3 -DDEBUG -DUSE_HAL_DRIVER -DSTM32L073xx -c -I../Core/Inc -I../Drivers/STM32L0xx_HAL_Driver/Inc -I../Drivers/STM32L0xx_HAL_Driver/Inc/Legacy -I../Drivers/CMSIS/Device/ST/STM32L0xx/Include -I../Drivers/CMSIS/Include -O0 -ffunction-sections -fdata-sections -Wall -fstack-usage -fcyclomatic-complexity -MMD -MP -MF"Core/Src/system_stm32l0xx.d" -MT"Core/Src/system_stm32l0xx.o" --specs=nano.specs -mfloat-abi=soft -mthumb -o "Core/Src/system_stm32l0xx.o"
arm-none-eabi-gcc -o "IMU_Testing.elf" @"objects.list"   -mcpu=cortex-m0plus -T"/Users/arpitarunkumaar/Desktop/controls-imu-testing/IMU_Testing/STM32L073RZTX_FLASH.ld" --specs=nosys.specs -Wl,-Map="IMU_Testing.map" -Wl,--gc-sections -static --specs=nano.specs -mfloat-abi=soft -mthumb -Wl,--start-group -lc -lm -Wl,--end-group
/Applications/STM32CubeIDE.app/Contents/Eclipse/plugins/com.st.stm32cube.ide.mcu.externaltools.gnu-tools-for-stm32.12.3.rel1.macos64_1.0.200.202406191456/tools/bin/../lib/gcc/arm-none-eabi/12.3.1/../../../../arm-none-eabi/bin/ld: ./Core/Src/main.o: in function `main':
/Users/arpitarunkumaar/Desktop/controls-imu-testing/IMU_Testing/Debug/../Core/Src/main.c:145: undefined reference to `MX_USART2_UART_Init'
collect2: error: ld returned 1 exit status
make: *** [makefile:64: IMU_Testing.elf] Error 1
"make -j7 all" terminated with exit code 2. Build might be incomplete.
19:43:32 **** Incremental Build of configuration Debug for project IMU_Testing ****
make -j7 all 
arm-none-eabi-gcc "../Core/Src/main.c" -mcpu=cortex-m0plus -std=gnu11 -g3 -DDEBUG -DUSE_HAL_DRIVER -DSTM32L073xx -c -I../Core/Inc -I../Drivers/STM32L0xx_HAL_Driver/Inc -I../Drivers/STM32L0xx_HAL_Driver/Inc/Legacy -I../Drivers/CMSIS/Device/ST/STM32L0xx/Include -I../Drivers/CMSIS/Include -O0 -ffunction-sections -fdata-sections -Wall -fstack-usage -fcyclomatic-complexity -MMD -MP -MF"Core/Src/main.d" -MT"Core/Src/main.o" --specs=nano.specs -mfloat-abi=soft -mthumb -o "Core/Src/main.o"
../Core/Src/main.c: In function 'Print_Data':
../Core/Src/main.c:100:23: warning: passing argument 2 of 'snprintf_' makes integer from pointer without a cast [-Wint-conversion]
  100 |     snprintf_(buffer, "X: %d, Y: %d, Z: %d\r\n", x, y, z);
      |                       ^~~~~~~~~~~~~~~~~~~~~~~~~
      |                       |
      |                       char *
In file included from ../Core/Src/main.c:20:
../Core/Inc/printf.h:177:32: note: expected 'size_t' {aka 'unsigned int'} but argument is of type 'char *'
  177 | int  snprintf_(char* s, size_t count, const char* format, ...) ATTR_PRINTF(3, 4);
      |                         ~~~~~~~^~~~~
../Core/Src/main.c:100:50: warning: passing argument 3 of 'snprintf_' makes pointer from integer without a cast [-Wint-conversion]
  100 |     snprintf_(buffer, "X: %d, Y: %d, Z: %d\r\n", x, y, z);
      |                                                  ^
      |                                                  |
      |                                                  int16_t {aka short int}
../Core/Inc/printf.h:177:51: note: expected 'const char *' but argument is of type 'int16_t' {aka 'short int'}
  177 | int  snprintf_(char* s, size_t count, const char* format, ...) ATTR_PRINTF(3, 4);
      |                                       ~~~~~~~~~~~~^~~~~~
../Core/Src/main.c: In function 'main':
../Core/Src/main.c:158:24: warning: pointer targets in passing argument 1 of 'LSM6DSO_Read' differ in signedness [-Wpointer-sign]
  158 |           LSM6DSO_Read(&x,&y,&z);
      |                        ^~
      |                        |
      |                        int16_t * {aka short int *}
../Core/Src/main.c:72:29: note: expected 'uint16_t *' {aka 'short unsigned int *'} but argument is of type 'int16_t *' {aka 'short int *'}
   72 | void LSM6DSO_Read(uint16_t *x, uint16_t *y, uint16_t *z) {
      |                   ~~~~~~~~~~^
../Core/Src/main.c:158:27: warning: pointer targets in passing argument 2 of 'LSM6DSO_Read' differ in signedness [-Wpointer-sign]
  158 |           LSM6DSO_Read(&x,&y,&z);
      |                           ^~
      |                           |
      |                           int16_t * {aka short int *}
../Core/Src/main.c:72:42: note: expected 'uint16_t *' {aka 'short unsigned int *'} but argument is of type 'int16_t *' {aka 'short int *'}
   72 | void LSM6DSO_Read(uint16_t *x, uint16_t *y, uint16_t *z) {
      |                                ~~~~~~~~~~^
../Core/Src/main.c:158:30: warning: pointer targets in passing argument 3 of 'LSM6DSO_Read' differ in signedness [-Wpointer-sign]
  158 |           LSM6DSO_Read(&x,&y,&z);
      |                              ^~
      |                              |
      |                              int16_t * {aka short int *}
../Core/Src/main.c:72:55: note: expected 'uint16_t *' {aka 'short unsigned int *'} but argument is of type 'int16_t *' {aka 'short int *'}
   72 | void LSM6DSO_Read(uint16_t *x, uint16_t *y, uint16_t *z) {
      |                                             ~~~~~~~~~~^
../Core/Src/main.c: At top level:
../Core/Src/main.c:53:22: warning: 'Accmtr_CTRL_REG' defined but not used [-Wunused-const-variable=]
   53 | static const uint8_t Accmtr_CTRL_REG = 0x10;
      |                      ^~~~~~~~~~~~~~~
arm-none-eabi-gcc -o "IMU_Testing.elf" @"objects.list"   -mcpu=cortex-m0plus -T"/Users/arpitarunkumaar/Desktop/controls-imu-testing/IMU_Testing/STM32L073RZTX_FLASH.ld" --specs=nosys.specs -Wl,-Map="IMU_Testing.map" -Wl,--gc-sections -static --specs=nano.specs -mfloat-abi=soft -mthumb -Wl,--start-group -lc -lm -Wl,--end-group
Finished building target: IMU_Testing.elf
 
arm-none-eabi-size  IMU_Testing.elf 
arm-none-eabi-objdump -h -S IMU_Testing.elf  > "IMU_Testing.list"
   text	   data	    bss	    dec	    hex	filename
  34600	     12	   1788	  36400	   8e30	IMU_Testing.elf
Finished building: default.size.stdout
 
Finished building: IMU_Testing.list
 
19:44:28 **** Incremental Build of configuration Debug for project IMU_Testing ****
make -j7 all 
arm-none-eabi-size  IMU_Testing.elf 
   text	   data	    bss	    dec	    hex	filename
  34600	     12	   1788	  36400	   8e30	IMU_Testing.elf
Finished building: default.size.stdout
 
19:44:43 **** Incremental Build of configuration Debug for project IMU_Testing ****
make -j7 all 
arm-none-eabi-size  IMU_Testing.elf 
   text	   data	    bss	    dec	    hex	filename
  34600	     12	   1788	  36400	   8e30	IMU_Testing.elf
Finished building: default.size.stdout
 
19:45:01 **** Incremental Build of configuration Debug for project IMU_Testing ****
make -j7 all 
arm-none-eabi-gcc "../Core/Src/main.c" -mcpu=cortex-m0plus -std=gnu11 -g3 -DDEBUG -DUSE_HAL_DRIVER -DSTM32L073xx -c -I../Core/Inc -I../Drivers/STM32L0xx_HAL_Driver/Inc -I../Drivers/STM32L0xx_HAL_Driver/Inc/Legacy -I../Drivers/CMSIS/Device/ST/STM32L0xx/Include -I../Drivers/CMSIS/Include -O0 -ffunction-sections -fdata-sections -Wall -fstack-usage -fcyclomatic-complexity -MMD -MP -MF"Core/Src/main.d" -MT"Core/Src/main.o" --specs=nano.specs -mfloat-abi=soft -mthumb -o "Core/Src/main.o"
../Core/Src/main.c: In function 'Print_Data':
../Core/Src/main.c:100:23: warning: passing argument 2 of 'snprintf_' makes integer from pointer without a cast [-Wint-conversion]
  100 |     snprintf_(buffer, "X: %d, Y: %d, Z: %d\r\n", x, y, z);
      |                       ^~~~~~~~~~~~~~~~~~~~~~~~~
      |                       |
      |                       char *
In file included from ../Core/Src/main.c:20:
../Core/Inc/printf.h:177:32: note: expected 'size_t' {aka 'unsigned int'} but argument is of type 'char *'
  177 | int  snprintf_(char* s, size_t count, const char* format, ...) ATTR_PRINTF(3, 4);
      |                         ~~~~~~~^~~~~
../Core/Src/main.c:100:50: warning: passing argument 3 of 'snprintf_' makes pointer from integer without a cast [-Wint-conversion]
  100 |     snprintf_(buffer, "X: %d, Y: %d, Z: %d\r\n", x, y, z);
      |                                                  ^
      |                                                  |
      |                                                  int16_t {aka short int}
../Core/Inc/printf.h:177:51: note: expected 'const char *' but argument is of type 'int16_t' {aka 'short int'}
  177 | int  snprintf_(char* s, size_t count, const char* format, ...) ATTR_PRINTF(3, 4);
      |                                       ~~~~~~~~~~~~^~~~~~
../Core/Src/main.c: In function 'main':
../Core/Src/main.c:158:24: warning: pointer targets in passing argument 1 of 'LSM6DSO_Read' differ in signedness [-Wpointer-sign]
  158 |           LSM6DSO_Read(&x,&y,&z);
      |                        ^~
      |                        |
      |                        int16_t * {aka short int *}
../Core/Src/main.c:72:29: note: expected 'uint16_t *' {aka 'short unsigned int *'} but argument is of type 'int16_t *' {aka 'short int *'}
   72 | void LSM6DSO_Read(uint16_t *x, uint16_t *y, uint16_t *z) {
      |                   ~~~~~~~~~~^
../Core/Src/main.c:158:27: warning: pointer targets in passing argument 2 of 'LSM6DSO_Read' differ in signedness [-Wpointer-sign]
  158 |           LSM6DSO_Read(&x,&y,&z);
      |                           ^~
      |                           |
      |                           int16_t * {aka short int *}
../Core/Src/main.c:72:42: note: expected 'uint16_t *' {aka 'short unsigned int *'} but argument is of type 'int16_t *' {aka 'short int *'}
   72 | void LSM6DSO_Read(uint16_t *x, uint16_t *y, uint16_t *z) {
      |                                ~~~~~~~~~~^
../Core/Src/main.c:158:30: warning: pointer targets in passing argument 3 of 'LSM6DSO_Read' differ in signedness [-Wpointer-sign]
  158 |           LSM6DSO_Read(&x,&y,&z);
      |                              ^~
      |                              |
      |                              int16_t * {aka short int *}
../Core/Src/main.c:72:55: note: expected 'uint16_t *' {aka 'short unsigned int *'} but argument is of type 'int16_t *' {aka 'short int *'}
   72 | void LSM6DSO_Read(uint16_t *x, uint16_t *y, uint16_t *z) {
      |                                             ~~~~~~~~~~^
../Core/Src/main.c: At top level:
../Core/Src/main.c:53:22: warning: 'Accmtr_CTRL_REG' defined but not used [-Wunused-const-variable=]
   53 | static const uint8_t Accmtr_CTRL_REG = 0x10;
      |                      ^~~~~~~~~~~~~~~
arm-none-eabi-gcc -o "IMU_Testing.elf" @"objects.list"   -mcpu=cortex-m0plus -T"/Users/arpitarunkumaar/Desktop/controls-imu-testing/IMU_Testing/STM32L073RZTX_FLASH.ld" --specs=nosys.specs -Wl,-Map="IMU_Testing.map" -Wl,--gc-sections -static --specs=nano.specs -mfloat-abi=soft -mthumb -Wl,--start-group -lc -lm -Wl,--end-group
Finished building target: IMU_Testing.elf
 
arm-none-eabi-size  IMU_Testing.elf 
arm-none-eabi-objdump -h -S IMU_Testing.elf  > "IMU_Testing.list"
   text	   data	    bss	    dec	    hex	filename
  34600	     12	   1788	  36400	   8e30	IMU_Testing.elf
Finished building: default.size.stdout
 
Finished building: IMU_Testing.list
 
19:46:27 **** Incremental Build of configuration Debug for project IMU_Testing ****
make -j7 all 
arm-none-eabi-gcc "../Core/Src/main.c" -mcpu=cortex-m0plus -std=gnu11 -g3 -DDEBUG -DUSE_HAL_DRIVER -DSTM32L073xx -c -I../Core/Inc -I../Drivers/STM32L0xx_HAL_Driver/Inc -I../Drivers/STM32L0xx_HAL_Driver/Inc/Legacy -I../Drivers/CMSIS/Device/ST/STM32L0xx/Include -I../Drivers/CMSIS/Include -O0 -ffunction-sections -fdata-sections -Wall -fstack-usage -fcyclomatic-complexity -MMD -MP -MF"Core/Src/main.d" -MT"Core/Src/main.o" --specs=nano.specs -mfloat-abi=soft -mthumb -o "Core/Src/main.o"
arm-none-eabi-gcc "../Core/Src/printf.c" -mcpu=cortex-m0plus -std=gnu11 -g3 -DDEBUG -DUSE_HAL_DRIVER -DSTM32L073xx -c -I../Core/Inc -I../Drivers/STM32L0xx_HAL_Driver/Inc -I../Drivers/STM32L0xx_HAL_Driver/Inc/Legacy -I../Drivers/CMSIS/Device/ST/STM32L0xx/Include -I../Drivers/CMSIS/Include -O0 -ffunction-sections -fdata-sections -Wall -fstack-usage -fcyclomatic-complexity -MMD -MP -MF"Core/Src/printf.d" -MT"Core/Src/printf.o" --specs=nano.specs -mfloat-abi=soft -mthumb -o "Core/Src/printf.o"
../Core/Src/main.c: In function 'Print_Data':
../Core/Src/main.c:100:23: warning: passing argument 2 of 'snprintf_' makes integer from pointer without a cast [-Wint-conversion]
  100 |     snprintf_(buffer, "X: %d, Y: %d, Z: %d\r\n", x, y, z);
      |                       ^~~~~~~~~~~~~~~~~~~~~~~~~
      |                       |
      |                       char *
In file included from ../Core/Src/main.c:20:
../Core/Inc/printf.h:177:32: note: expected 'size_t' {aka 'unsigned int'} but argument is of type 'char *'
  177 | int  snprintf_(char* s, size_t count, const char* format, ...) ATTR_PRINTF(3, 4);
      |                         ~~~~~~~^~~~~
../Core/Src/main.c:100:50: warning: passing argument 3 of 'snprintf_' makes pointer from integer without a cast [-Wint-conversion]
  100 |     snprintf_(buffer, "X: %d, Y: %d, Z: %d\r\n", x, y, z);
      |                                                  ^
      |                                                  |
      |                                                  int16_t {aka short int}
../Core/Inc/printf.h:177:51: note: expected 'const char *' but argument is of type 'int16_t' {aka 'short int'}
  177 | int  snprintf_(char* s, size_t count, const char* format, ...) ATTR_PRINTF(3, 4);
      |                                       ~~~~~~~~~~~~^~~~~~
../Core/Src/main.c: In function 'main':
../Core/Src/main.c:158:24: warning: pointer targets in passing argument 1 of 'LSM6DSO_Read' differ in signedness [-Wpointer-sign]
  158 |           LSM6DSO_Read(&x,&y,&z);
      |                        ^~
      |                        |
      |                        int16_t * {aka short int *}
../Core/Src/main.c:72:29: note: expected 'uint16_t *' {aka 'short unsigned int *'} but argument is of type 'int16_t *' {aka 'short int *'}
   72 | void LSM6DSO_Read(uint16_t *x, uint16_t *y, uint16_t *z) {
      |                   ~~~~~~~~~~^
../Core/Src/main.c:158:27: warning: pointer targets in passing argument 2 of 'LSM6DSO_Read' differ in signedness [-Wpointer-sign]
  158 |           LSM6DSO_Read(&x,&y,&z);
      |                           ^~
      |                           |
      |                           int16_t * {aka short int *}
../Core/Src/main.c:72:42: note: expected 'uint16_t *' {aka 'short unsigned int *'} but argument is of type 'int16_t *' {aka 'short int *'}
   72 | void LSM6DSO_Read(uint16_t *x, uint16_t *y, uint16_t *z) {
      |                                ~~~~~~~~~~^
../Core/Src/main.c:158:30: warning: pointer targets in passing argument 3 of 'LSM6DSO_Read' differ in signedness [-Wpointer-sign]
  158 |           LSM6DSO_Read(&x,&y,&z);
      |                              ^~
      |                              |
      |                              int16_t * {aka short int *}
../Core/Src/main.c:72:55: note: expected 'uint16_t *' {aka 'short unsigned int *'} but argument is of type 'int16_t *' {aka 'short int *'}
   72 | void LSM6DSO_Read(uint16_t *x, uint16_t *y, uint16_t *z) {
      |                                             ~~~~~~~~~~^
../Core/Src/main.c: At top level:
../Core/Src/main.c:53:22: warning: 'Accmtr_CTRL_REG' defined but not used [-Wunused-const-variable=]
   53 | static const uint8_t Accmtr_CTRL_REG = 0x10;
      |                      ^~~~~~~~~~~~~~~
arm-none-eabi-gcc -o "IMU_Testing.elf" @"objects.list"   -mcpu=cortex-m0plus -T"/Users/arpitarunkumaar/Desktop/controls-imu-testing/IMU_Testing/STM32L073RZTX_FLASH.ld" --specs=nosys.specs -Wl,-Map="IMU_Testing.map" -Wl,--gc-sections -static --specs=nano.specs -mfloat-abi=soft -mthumb -Wl,--start-group -lc -lm -Wl,--end-group
Finished building target: IMU_Testing.elf
 
arm-none-eabi-size  IMU_Testing.elf 
arm-none-eabi-objdump -h -S IMU_Testing.elf  > "IMU_Testing.list"
   text	   data	    bss	    dec	    hex	filename
  34600	     12	   1788	  36400	   8e30	IMU_Testing.elf
Finished building: default.size.stdout
 
Finished building: IMU_Testing.list
 
19:46:50 **** Incremental Build of configuration Debug for project IMU_Testing ****
make -j7 all 
arm-none-eabi-gcc "../Core/Src/main.c" -mcpu=cortex-m0plus -std=gnu11 -g3 -DDEBUG -DUSE_HAL_DRIVER -DSTM32L073xx -c -I../Core/Inc -I../Drivers/STM32L0xx_HAL_Driver/Inc -I../Drivers/STM32L0xx_HAL_Driver/Inc/Legacy -I../Drivers/CMSIS/Device/ST/STM32L0xx/Include -I../Drivers/CMSIS/Include -O0 -ffunction-sections -fdata-sections -Wall -fstack-usage -fcyclomatic-complexity -MMD -MP -MF"Core/Src/main.d" -MT"Core/Src/main.o" --specs=nano.specs -mfloat-abi=soft -mthumb -o "Core/Src/main.o"
../Core/Src/main.c: In function 'Print_Data':
../Core/Src/main.c:99:23: warning: passing argument 2 of 'snprintf_' makes integer from pointer without a cast [-Wint-conversion]
   99 |     snprintf_(buffer, "X: %d, Y: %d, Z: %d\r\n", x, y, z);
      |                       ^~~~~~~~~~~~~~~~~~~~~~~~~
      |                       |
      |                       char *
In file included from ../Core/Src/main.c:20:
../Core/Inc/printf.h:177:32: note: expected 'size_t' {aka 'unsigned int'} but argument is of type 'char *'
  177 | int  snprintf_(char* s, size_t count, const char* format, ...) ATTR_PRINTF(3, 4);
      |                         ~~~~~~~^~~~~
../Core/Src/main.c:99:50: warning: passing argument 3 of 'snprintf_' makes pointer from integer without a cast [-Wint-conversion]
   99 |     snprintf_(buffer, "X: %d, Y: %d, Z: %d\r\n", x, y, z);
      |                                                  ^
      |                                                  |
      |                                                  int16_t {aka short int}
../Core/Inc/printf.h:177:51: note: expected 'const char *' but argument is of type 'int16_t' {aka 'short int'}
  177 | int  snprintf_(char* s, size_t count, const char* format, ...) ATTR_PRINTF(3, 4);
      |                                       ~~~~~~~~~~~~^~~~~~
../Core/Src/main.c: In function 'main':
../Core/Src/main.c:157:24: warning: pointer targets in passing argument 1 of 'LSM6DSO_Read' differ in signedness [-Wpointer-sign]
  157 |           LSM6DSO_Read(&x,&y,&z);
      |                        ^~
      |                        |
      |                        int16_t * {aka short int *}
../Core/Src/main.c:71:29: note: expected 'uint16_t *' {aka 'short unsigned int *'} but argument is of type 'int16_t *' {aka 'short int *'}
   71 | void LSM6DSO_Read(uint16_t *x, uint16_t *y, uint16_t *z) {
      |                   ~~~~~~~~~~^
../Core/Src/main.c:157:27: warning: pointer targets in passing argument 2 of 'LSM6DSO_Read' differ in signedness [-Wpointer-sign]
  157 |           LSM6DSO_Read(&x,&y,&z);
      |                           ^~
      |                           |
      |                           int16_t * {aka short int *}
../Core/Src/main.c:71:42: note: expected 'uint16_t *' {aka 'short unsigned int *'} but argument is of type 'int16_t *' {aka 'short int *'}
   71 | void LSM6DSO_Read(uint16_t *x, uint16_t *y, uint16_t *z) {
      |                                ~~~~~~~~~~^
../Core/Src/main.c:157:30: warning: pointer targets in passing argument 3 of 'LSM6DSO_Read' differ in signedness [-Wpointer-sign]
  157 |           LSM6DSO_Read(&x,&y,&z);
      |                              ^~
      |                              |
      |                              int16_t * {aka short int *}
../Core/Src/main.c:71:55: note: expected 'uint16_t *' {aka 'short unsigned int *'} but argument is of type 'int16_t *' {aka 'short int *'}
   71 | void LSM6DSO_Read(uint16_t *x, uint16_t *y, uint16_t *z) {
      |                                             ~~~~~~~~~~^
../Core/Src/main.c: At top level:
../Core/Src/main.c:52:22: warning: 'Accmtr_CTRL_REG' defined but not used [-Wunused-const-variable=]
   52 | static const uint8_t Accmtr_CTRL_REG = 0x10;
      |                      ^~~~~~~~~~~~~~~
arm-none-eabi-gcc -o "IMU_Testing.elf" @"objects.list"   -mcpu=cortex-m0plus -T"/Users/arpitarunkumaar/Desktop/controls-imu-testing/IMU_Testing/STM32L073RZTX_FLASH.ld" --specs=nosys.specs -Wl,-Map="IMU_Testing.map" -Wl,--gc-sections -static --specs=nano.specs -mfloat-abi=soft -mthumb -Wl,--start-group -lc -lm -Wl,--end-group
Finished building target: IMU_Testing.elf
 
arm-none-eabi-size  IMU_Testing.elf 
arm-none-eabi-objdump -h -S IMU_Testing.elf  > "IMU_Testing.list"
   text	   data	    bss	    dec	    hex	filename
  34600	     12	   1788	  36400	   8e30	IMU_Testing.elf
Finished building: default.size.stdout
 
Finished building: IMU_Testing.list
 
19:47:10 **** Incremental Build of configuration Debug for project IMU_Testing ****
make -j7 all 
arm-none-eabi-gcc "../Core/Src/main.c" -mcpu=cortex-m0plus -std=gnu11 -g3 -DDEBUG -DUSE_HAL_DRIVER -DSTM32L073xx -c -I../Core/Inc -I../Drivers/STM32L0xx_HAL_Driver/Inc -I../Drivers/STM32L0xx_HAL_Driver/Inc/Legacy -I../Drivers/CMSIS/Device/ST/STM32L0xx/Include -I../Drivers/CMSIS/Include -O0 -ffunction-sections -fdata-sections -Wall -fstack-usage -fcyclomatic-complexity -MMD -MP -MF"Core/Src/main.d" -MT"Core/Src/main.o" --specs=nano.specs -mfloat-abi=soft -mthumb -o "Core/Src/main.o"
../Core/Src/main.c: In function 'Print_Data':
../Core/Src/main.c:99:23: warning: passing argument 2 of 'snprintf_' makes integer from pointer without a cast [-Wint-conversion]
   99 |     snprintf_(buffer, "X: %d, Y: %d, Z: %d\r\n", x, y, z);
      |                       ^~~~~~~~~~~~~~~~~~~~~~~~~
      |                       |
      |                       char *
In file included from ../Core/Src/main.c:20:
../Core/Inc/printf.h:177:32: note: expected 'size_t' {aka 'unsigned int'} but argument is of type 'char *'
  177 | int  snprintf_(char* s, size_t count, const char* format, ...) ATTR_PRINTF(3, 4);
      |                         ~~~~~~~^~~~~
../Core/Src/main.c:99:50: warning: passing argument 3 of 'snprintf_' makes pointer from integer without a cast [-Wint-conversion]
   99 |     snprintf_(buffer, "X: %d, Y: %d, Z: %d\r\n", x, y, z);
      |                                                  ^
      |                                                  |
      |                                                  int16_t {aka short int}
../Core/Inc/printf.h:177:51: note: expected 'const char *' but argument is of type 'int16_t' {aka 'short int'}
  177 | int  snprintf_(char* s, size_t count, const char* format, ...) ATTR_PRINTF(3, 4);
      |                                       ~~~~~~~~~~~~^~~~~~
../Core/Src/main.c: In function 'main':
../Core/Src/main.c:157:24: warning: pointer targets in passing argument 1 of 'LSM6DSO_Read' differ in signedness [-Wpointer-sign]
  157 |           LSM6DSO_Read(&x,&y,&z);
      |                        ^~
      |                        |
      |                        int16_t * {aka short int *}
../Core/Src/main.c:71:29: note: expected 'uint16_t *' {aka 'short unsigned int *'} but argument is of type 'int16_t *' {aka 'short int *'}
   71 | void LSM6DSO_Read(uint16_t *x, uint16_t *y, uint16_t *z) {
      |                   ~~~~~~~~~~^
../Core/Src/main.c:157:27: warning: pointer targets in passing argument 2 of 'LSM6DSO_Read' differ in signedness [-Wpointer-sign]
  157 |           LSM6DSO_Read(&x,&y,&z);
      |                           ^~
      |                           |
      |                           int16_t * {aka short int *}
../Core/Src/main.c:71:42: note: expected 'uint16_t *' {aka 'short unsigned int *'} but argument is of type 'int16_t *' {aka 'short int *'}
   71 | void LSM6DSO_Read(uint16_t *x, uint16_t *y, uint16_t *z) {
      |                                ~~~~~~~~~~^
../Core/Src/main.c:157:30: warning: pointer targets in passing argument 3 of 'LSM6DSO_Read' differ in signedness [-Wpointer-sign]
  157 |           LSM6DSO_Read(&x,&y,&z);
      |                              ^~
      |                              |
      |                              int16_t * {aka short int *}
../Core/Src/main.c:71:55: note: expected 'uint16_t *' {aka 'short unsigned int *'} but argument is of type 'int16_t *' {aka 'short int *'}
   71 | void LSM6DSO_Read(uint16_t *x, uint16_t *y, uint16_t *z) {
      |                                             ~~~~~~~~~~^
../Core/Src/main.c: At top level:
../Core/Src/main.c:52:22: warning: 'Accmtr_CTRL_REG' defined but not used [-Wunused-const-variable=]
   52 | static const uint8_t Accmtr_CTRL_REG = 0x10;
      |                      ^~~~~~~~~~~~~~~
arm-none-eabi-gcc -o "IMU_Testing.elf" @"objects.list"   -mcpu=cortex-m0plus -T"/Users/arpitarunkumaar/Desktop/controls-imu-testing/IMU_Testing/STM32L073RZTX_FLASH.ld" --specs=nosys.specs -Wl,-Map="IMU_Testing.map" -Wl,--gc-sections -static --specs=nano.specs -mfloat-abi=soft -mthumb -Wl,--start-group -lc -lm -Wl,--end-group
Finished building target: IMU_Testing.elf
 
arm-none-eabi-size  IMU_Testing.elf 
arm-none-eabi-objdump -h -S IMU_Testing.elf  > "IMU_Testing.list"
   text	   data	    bss	    dec	    hex	filename
  34600	     12	   1788	  36400	   8e30	IMU_Testing.elf
Finished building: default.size.stdout
 
Finished building: IMU_Testing.list
 
19:51:24 **** Incremental Build of configuration Debug for project IMU_Testing ****
make -j7 all 
arm-none-eabi-size  IMU_Testing.elf 
   text	   data	    bss	    dec	    hex	filename
  34600	     12	   1788	  36400	   8e30	IMU_Testing.elf
Finished building: default.size.stdout
 
19:53:15 **** Incremental Build of configuration Debug for project IMU_Testing ****
make -j7 all 
arm-none-eabi-gcc "../Core/Src/main.c" -mcpu=cortex-m0plus -std=gnu11 -g3 -DDEBUG -DUSE_HAL_DRIVER -DSTM32L073xx -c -I../Core/Inc -I../Drivers/STM32L0xx_HAL_Driver/Inc -I../Drivers/STM32L0xx_HAL_Driver/Inc/Legacy -I../Drivers/CMSIS/Device/ST/STM32L0xx/Include -I../Drivers/CMSIS/Include -O0 -ffunction-sections -fdata-sections -Wall -fstack-usage -fcyclomatic-complexity -MMD -MP -MF"Core/Src/main.d" -MT"Core/Src/main.o" --specs=nano.specs -mfloat-abi=soft -mthumb -o "Core/Src/main.o"
../Core/Src/main.c: In function 'main':
../Core/Src/main.c:150:24: warning: pointer targets in passing argument 1 of 'LSM6DSO_Read' differ in signedness [-Wpointer-sign]
  150 |           LSM6DSO_Read(&x,&y,&z);
      |                        ^~
      |                        |
      |                        int16_t * {aka short int *}
../Core/Src/main.c:71:29: note: expected 'uint16_t *' {aka 'short unsigned int *'} but argument is of type 'int16_t *' {aka 'short int *'}
   71 | void LSM6DSO_Read(uint16_t *x, uint16_t *y, uint16_t *z) {
      |                   ~~~~~~~~~~^
../Core/Src/main.c:150:27: warning: pointer targets in passing argument 2 of 'LSM6DSO_Read' differ in signedness [-Wpointer-sign]
  150 |           LSM6DSO_Read(&x,&y,&z);
      |                           ^~
      |                           |
      |                           int16_t * {aka short int *}
../Core/Src/main.c:71:42: note: expected 'uint16_t *' {aka 'short unsigned int *'} but argument is of type 'int16_t *' {aka 'short int *'}
   71 | void LSM6DSO_Read(uint16_t *x, uint16_t *y, uint16_t *z) {
      |                                ~~~~~~~~~~^
../Core/Src/main.c:150:30: warning: pointer targets in passing argument 3 of 'LSM6DSO_Read' differ in signedness [-Wpointer-sign]
  150 |           LSM6DSO_Read(&x,&y,&z);
      |                              ^~
      |                              |
      |                              int16_t * {aka short int *}
../Core/Src/main.c:71:55: note: expected 'uint16_t *' {aka 'short unsigned int *'} but argument is of type 'int16_t *' {aka 'short int *'}
   71 | void LSM6DSO_Read(uint16_t *x, uint16_t *y, uint16_t *z) {
      |                                             ~~~~~~~~~~^
../Core/Src/main.c: At top level:
../Core/Src/main.c:52:22: warning: 'Accmtr_CTRL_REG' defined but not used [-Wunused-const-variable=]
   52 | static const uint8_t Accmtr_CTRL_REG = 0x10;
      |                      ^~~~~~~~~~~~~~~
arm-none-eabi-gcc -o "IMU_Testing.elf" @"objects.list"   -mcpu=cortex-m0plus -T"/Users/arpitarunkumaar/Desktop/controls-imu-testing/IMU_Testing/STM32L073RZTX_FLASH.ld" --specs=nosys.specs -Wl,-Map="IMU_Testing.map" -Wl,--gc-sections -static --specs=nano.specs -mfloat-abi=soft -mthumb -Wl,--start-group -lc -lm -Wl,--end-group
Finished building target: IMU_Testing.elf
 
arm-none-eabi-size  IMU_Testing.elf 
arm-none-eabi-objdump -h -S IMU_Testing.elf  > "IMU_Testing.list"
   text	   data	    bss	    dec	    hex	filename
  34604	     12	   1788	  36404	   8e34	IMU_Testing.elf
Finished building: default.size.stdout
 
Finished building: IMU_Testing.list
 
19:56:17 **** Incremental Build of configuration Debug for project IMU_Testing ****
make -j7 all 
arm-none-eabi-gcc "../Core/Src/main.c" -mcpu=cortex-m0plus -std=gnu11 -g3 -DDEBUG -DUSE_HAL_DRIVER -DSTM32L073xx -c -I../Core/Inc -I../Drivers/STM32L0xx_HAL_Driver/Inc -I../Drivers/STM32L0xx_HAL_Driver/Inc/Legacy -I../Drivers/CMSIS/Device/ST/STM32L0xx/Include -I../Drivers/CMSIS/Include -O0 -ffunction-sections -fdata-sections -Wall -fstack-usage -fcyclomatic-complexity -MMD -MP -MF"Core/Src/main.d" -MT"Core/Src/main.o" --specs=nano.specs -mfloat-abi=soft -mthumb -o "Core/Src/main.o"
../Core/Src/main.c: In function 'main':
../Core/Src/main.c:150:24: warning: pointer targets in passing argument 1 of 'LSM6DSO_Read' differ in signedness [-Wpointer-sign]
  150 |           LSM6DSO_Read(&x,&y,&z);
      |                        ^~
      |                        |
      |                        int16_t * {aka short int *}
../Core/Src/main.c:71:29: note: expected 'uint16_t *' {aka 'short unsigned int *'} but argument is of type 'int16_t *' {aka 'short int *'}
   71 | void LSM6DSO_Read(uint16_t *x, uint16_t *y, uint16_t *z) {
      |                   ~~~~~~~~~~^
../Core/Src/main.c:150:27: warning: pointer targets in passing argument 2 of 'LSM6DSO_Read' differ in signedness [-Wpointer-sign]
  150 |           LSM6DSO_Read(&x,&y,&z);
      |                           ^~
      |                           |
      |                           int16_t * {aka short int *}
../Core/Src/main.c:71:42: note: expected 'uint16_t *' {aka 'short unsigned int *'} but argument is of type 'int16_t *' {aka 'short int *'}
   71 | void LSM6DSO_Read(uint16_t *x, uint16_t *y, uint16_t *z) {
      |                                ~~~~~~~~~~^
../Core/Src/main.c:150:30: warning: pointer targets in passing argument 3 of 'LSM6DSO_Read' differ in signedness [-Wpointer-sign]
  150 |           LSM6DSO_Read(&x,&y,&z);
      |                              ^~
      |                              |
      |                              int16_t * {aka short int *}
../Core/Src/main.c:71:55: note: expected 'uint16_t *' {aka 'short unsigned int *'} but argument is of type 'int16_t *' {aka 'short int *'}
   71 | void LSM6DSO_Read(uint16_t *x, uint16_t *y, uint16_t *z) {
      |                                             ~~~~~~~~~~^
../Core/Src/main.c: At top level:
../Core/Src/main.c:52:22: warning: 'Accmtr_CTRL_REG' defined but not used [-Wunused-const-variable=]
   52 | static const uint8_t Accmtr_CTRL_REG = 0x10;
      |                      ^~~~~~~~~~~~~~~
arm-none-eabi-gcc -o "IMU_Testing.elf" @"objects.list"   -mcpu=cortex-m0plus -T"/Users/arpitarunkumaar/Desktop/controls-imu-testing/IMU_Testing/STM32L073RZTX_FLASH.ld" --specs=nosys.specs -Wl,-Map="IMU_Testing.map" -Wl,--gc-sections -static --specs=nano.specs -mfloat-abi=soft -mthumb -Wl,--start-group -lc -lm -Wl,--end-group
Finished building target: IMU_Testing.elf
 
arm-none-eabi-size  IMU_Testing.elf 
arm-none-eabi-objdump -h -S IMU_Testing.elf  > "IMU_Testing.list"
   text	   data	    bss	    dec	    hex	filename
  34608	     12	   1788	  36408	   8e38	IMU_Testing.elf
Finished building: default.size.stdout
 
Finished building: IMU_Testing.list
 
20:07:30 **** Incremental Build of configuration Debug for project IMU_Testing ****
make -j7 all 
arm-none-eabi-gcc "../Core/Src/main.c" -mcpu=cortex-m0plus -std=gnu11 -g3 -DDEBUG -DUSE_HAL_DRIVER -DSTM32L073xx -c -I../Core/Inc -I../Drivers/STM32L0xx_HAL_Driver/Inc -I../Drivers/STM32L0xx_HAL_Driver/Inc/Legacy -I../Drivers/CMSIS/Device/ST/STM32L0xx/Include -I../Drivers/CMSIS/Include -O0 -ffunction-sections -fdata-sections -Wall -fstack-usage -fcyclomatic-complexity -MMD -MP -MF"Core/Src/main.d" -MT"Core/Src/main.o" --specs=nano.specs -mfloat-abi=soft -mthumb -o "Core/Src/main.o"
../Core/Src/main.c: In function 'main':
../Core/Src/main.c:150:24: warning: pointer targets in passing argument 1 of 'LSM6DSO_Read' differ in signedness [-Wpointer-sign]
  150 |           LSM6DSO_Read(&x,&y,&z);
      |                        ^~
      |                        |
      |                        int16_t * {aka short int *}
../Core/Src/main.c:71:29: note: expected 'uint16_t *' {aka 'short unsigned int *'} but argument is of type 'int16_t *' {aka 'short int *'}
   71 | void LSM6DSO_Read(uint16_t *x, uint16_t *y, uint16_t *z) {
      |                   ~~~~~~~~~~^
../Core/Src/main.c:150:27: warning: pointer targets in passing argument 2 of 'LSM6DSO_Read' differ in signedness [-Wpointer-sign]
  150 |           LSM6DSO_Read(&x,&y,&z);
      |                           ^~
      |                           |
      |                           int16_t * {aka short int *}
../Core/Src/main.c:71:42: note: expected 'uint16_t *' {aka 'short unsigned int *'} but argument is of type 'int16_t *' {aka 'short int *'}
   71 | void LSM6DSO_Read(uint16_t *x, uint16_t *y, uint16_t *z) {
      |                                ~~~~~~~~~~^
../Core/Src/main.c:150:30: warning: pointer targets in passing argument 3 of 'LSM6DSO_Read' differ in signedness [-Wpointer-sign]
  150 |           LSM6DSO_Read(&x,&y,&z);
      |                              ^~
      |                              |
      |                              int16_t * {aka short int *}
../Core/Src/main.c:71:55: note: expected 'uint16_t *' {aka 'short unsigned int *'} but argument is of type 'int16_t *' {aka 'short int *'}
   71 | void LSM6DSO_Read(uint16_t *x, uint16_t *y, uint16_t *z) {
      |                                             ~~~~~~~~~~^
../Core/Src/main.c: At top level:
../Core/Src/main.c:52:22: warning: 'Accmtr_CTRL_REG' defined but not used [-Wunused-const-variable=]
   52 | static const uint8_t Accmtr_CTRL_REG = 0x10;
      |                      ^~~~~~~~~~~~~~~
arm-none-eabi-gcc -o "IMU_Testing.elf" @"objects.list"   -mcpu=cortex-m0plus -T"/Users/arpitarunkumaar/Desktop/controls-imu-testing/IMU_Testing/STM32L073RZTX_FLASH.ld" --specs=nosys.specs -Wl,-Map="IMU_Testing.map" -Wl,--gc-sections -static --specs=nano.specs -mfloat-abi=soft -mthumb -Wl,--start-group -lc -lm -Wl,--end-group
Finished building target: IMU_Testing.elf
 
arm-none-eabi-size  IMU_Testing.elf 
arm-none-eabi-objdump -h -S IMU_Testing.elf  > "IMU_Testing.list"
   text	   data	    bss	    dec	    hex	filename
  34608	     12	   1788	  36408	   8e38	IMU_Testing.elf
Finished building: default.size.stdout
 
Finished building: IMU_Testing.list
 
