19:21:36 **** Clean-only build of configuration Debug for project IMU_Testing ****
make -j7 clean 
rm -rf ./Drivers/STM32L0xx_HAL_Driver/Src/stm32l0xx_hal.cyclo ./Drivers/STM32L0xx_HAL_Driver/Src/stm32l0xx_hal.d ./Drivers/STM32L0xx_HAL_Driver/Src/stm32l0xx_hal.o ./Drivers/STM32L0xx_HAL_Driver/Src/stm32l0xx_hal.su ./Drivers/STM32L0xx_HAL_Driver/Src/stm32l0xx_hal_cortex.cyclo ./Drivers/STM32L0xx_HAL_Driver/Src/stm32l0xx_hal_cortex.d ./Drivers/STM32L0xx_HAL_Driver/Src/stm32l0xx_hal_cortex.o ./Drivers/STM32L0xx_HAL_Driver/Src/stm32l0xx_hal_cortex.su ./Drivers/STM32L0xx_HAL_Driver/Src/stm32l0xx_hal_dma.cyclo ./Drivers/STM32L0xx_HAL_Driver/Src/stm32l0xx_hal_dma.d ./Drivers/STM32L0xx_HAL_Driver/Src/stm32l0xx_hal_dma.o ./Drivers/STM32L0xx_HAL_Driver/Src/stm32l0xx_hal_dma.su ./Drivers/STM32L0xx_HAL_Driver/Src/stm32l0xx_hal_exti.cyclo ./Drivers/STM32L0xx_HAL_Driver/Src/stm32l0xx_hal_exti.d ./Drivers/STM32L0xx_HAL_Driver/Src/stm32l0xx_hal_exti.o ./Drivers/STM32L0xx_HAL_Driver/Src/stm32l0xx_hal_exti.su ./Drivers/STM32L0xx_HAL_Driver/Src/stm32l0xx_hal_flash.cyclo ./Drivers/STM32L0xx_HAL_Driver/Src/stm32l0xx_hal_flash.d ./Drivers/STM32L0xx_HAL_Driver/Src/stm32l0xx_hal_flash.o ./Drivers/STM32L0xx_HAL_Driver/Src/stm32l0xx_hal_flash.su ./Drivers/STM32L0xx_HAL_Driver/Src/stm32l0xx_hal_flash_ex.cyclo ./Drivers/STM32L0xx_HAL_Driver/Src/stm32l0xx_hal_flash_ex.d ./Drivers/STM32L0xx_HAL_Driver/Src/stm32l0xx_hal_flash_ex.o ./Drivers/STM32L0xx_HAL_Driver/Src/stm32l0xx_hal_flash_ex.su ./Drivers/STM32L0xx_HAL_Driver/Src/stm32l0xx_hal_flash_ramfunc.cyclo ./Drivers/STM32L0xx_HAL_Driver/Src/stm32l0xx_hal_flash_ramfunc.d ./Drivers/STM32L0xx_HAL_Driver/Src/stm32l0xx_hal_flash_ramfunc.o ./Drivers/STM32L0xx_HAL_Driver/Src/stm32l0xx_hal_flash_ramfunc.su ./Drivers/STM32L0xx_HAL_Driver/Src/stm32l0xx_hal_gpio.cyclo ./Drivers/STM32L0xx_HAL_Driver/Src/stm32l0xx_hal_gpio.d ./Drivers/STM32L0xx_HAL_Driver/Src/stm32l0xx_hal_gpio.o ./Drivers/STM32L0xx_HAL_Driver/Src/stm32l0xx_hal_gpio.su ./Drivers/STM32L0xx_HAL_Driver/Src/stm32l0xx_hal_i2c.cyclo ./Drivers/STM32L0xx_HAL_Driver/Src/stm32l0xx_hal_i2c.d ./Drivers/STM32L0xx_HAL_Driver/Src/stm32l0xx_hal_i2c.o ./Drivers/STM32L0xx_HAL_Driver/Src/stm32l0xx_hal_i2c.su ./Drivers/STM32L0xx_HAL_Driver/Src/stm32l0xx_hal_i2c_ex.cyclo ./Drivers/STM32L0xx_HAL_Driver/Src/stm32l0xx_hal_i2c_ex.d ./Drivers/STM32L0xx_HAL_Driver/Src/stm32l0xx_hal_i2c_ex.o ./Drivers/STM32L0xx_HAL_Driver/Src/stm32l0xx_hal_i2c_ex.su ./Drivers/STM32L0xx_HAL_Driver/Src/stm32l0xx_hal_pwr.cyclo ./Drivers/STM32L0xx_HAL_Driver/Src/stm32l0xx_hal_pwr.d ./Drivers/STM32L0xx_HAL_Driver/Src/stm32l0xx_hal_pwr.o ./Drivers/STM32L0xx_HAL_Driver/Src/stm32l0xx_hal_pwr.su ./Drivers/STM32L0xx_HAL_Driver/Src/stm32l0xx_hal_pwr_ex.cyclo ./Drivers/STM32L0xx_HAL_Driver/Src/stm32l0xx_hal_pwr_ex.d ./Drivers/STM32L0xx_HAL_Driver/Src/stm32l0xx_hal_pwr_ex.o ./Drivers/STM32L0xx_HAL_Driver/Src/stm32l0xx_hal_pwr_ex.su ./Drivers/STM32L0xx_HAL_Driver/Src/stm32l0xx_hal_rcc.cyclo ./Drivers/STM32L0xx_HAL_Driver/Src/stm32l0xx_hal_rcc.d ./Drivers/STM32L0xx_HAL_Driver/Src/stm32l0xx_hal_rcc.o ./Drivers/STM32L0xx_HAL_Driver/Src/stm32l0xx_hal_rcc.su ./Drivers/STM32L0xx_HAL_Driver/Src/stm32l0xx_hal_rcc_ex.cyclo ./Drivers/STM32L0xx_HAL_Driver/Src/stm32l0xx_hal_rcc_ex.d ./Drivers/STM32L0xx_HAL_Driver/Src/stm32l0xx_hal_rcc_ex.o ./Drivers/STM32L0xx_HAL_Driver/Src/stm32l0xx_hal_rcc_ex.su ./Drivers/STM32L0xx_HAL_Driver/Src/stm32l0xx_hal_tim.cyclo ./Drivers/STM32L0xx_HAL_Driver/Src/stm32l0xx_hal_tim.d ./Drivers/STM32L0xx_HAL_Driver/Src/stm32l0xx_hal_tim.o ./Drivers/STM32L0xx_HAL_Driver/Src/stm32l0xx_hal_tim.su ./Drivers/STM32L0xx_HAL_Driver/Src/stm32l0xx_hal_tim_ex.cyclo ./Drivers/STM32L0xx_HAL_Driver/Src/stm32l0xx_hal_tim_ex.d ./Drivers/STM32L0xx_HAL_Driver/Src/stm32l0xx_hal_tim_ex.o ./Drivers/STM32L0xx_HAL_Driver/Src/stm32l0xx_hal_tim_ex.su ./Drivers/STM32L0xx_HAL_Driver/Src/stm32l0xx_hal_uart.cyclo ./Drivers/STM32L0xx_HAL_Driver/Src/stm32l0xx_hal_uart.d ./Drivers/STM32L0xx_HAL_Driver/Src/stm32l0xx_hal_uart.o ./Drivers/STM32L0xx_HAL_Driver/Src/stm32l0xx_hal_uart.su ./Drivers/STM32L0xx_HAL_Driver/Src/stm32l0xx_hal_uart_ex.cyclo ./Drivers/STM32L0xx_HAL_Driver/Src/stm32l0xx_hal_uart_ex.d ./Drivers/STM32L0xx_HAL_Driver/Src/stm32l0xx_hal_uart_ex.o ./Drivers/STM32L0xx_HAL_Driver/Src/stm32l0xx_hal_uart_ex.su
rm -rf ./Core/Startup/startup_stm32l073rztx.d ./Core/Startup/startup_stm32l073rztx.o
rm -rf ./Core/Src/main.cyclo ./Core/Src/main.d ./Core/Src/main.o ./Core/Src/main.su ./Core/Src/printf.cyclo ./Core/Src/printf.d ./Core/Src/printf.o ./Core/Src/printf.su ./Core/Src/stm32l0xx_hal_msp.cyclo ./Core/Src/stm32l0xx_hal_msp.d ./Core/Src/stm32l0xx_hal_msp.o ./Core/Src/stm32l0xx_hal_msp.su ./Core/Src/stm32l0xx_it.cyclo ./Core/Src/stm32l0xx_it.d ./Core/Src/stm32l0xx_it.o ./Core/Src/stm32l0xx_it.su ./Core/Src/syscalls.cyclo ./Core/Src/syscalls.d ./Core/Src/syscalls.o ./Core/Src/syscalls.su ./Core/Src/sysmem.cyclo ./Core/Src/sysmem.d ./Core/Src/sysmem.o ./Core/Src/sysmem.su ./Core/Src/system_stm32l0xx.cyclo ./Core/Src/system_stm32l0xx.d ./Core/Src/system_stm32l0xx.o ./Core/Src/system_stm32l0xx.su
rm -rf IMU_Testing.elf IMU_Testing.list IMU_Testing.map default.size.stdout
 
19:21:40 **** Build of configuration Debug for project IMU_Testing ****
make -j7 all 
arm-none-eabi-gcc "../Drivers/STM32L0xx_HAL_Driver/Src/stm32l0xx_hal.c" -mcpu=cortex-m0plus -std=gnu11 -g3 -DDEBUG -DUSE_HAL_DRIVER -DSTM32L073xx -c -I../Core/Inc -I../Drivers/STM32L0xx_HAL_Driver/Inc -I../Drivers/STM32L0xx_HAL_Driver/Inc/Legacy -I../Drivers/CMSIS/Device/ST/STM32L0xx/Include -I../Drivers/CMSIS/Include -O0 -ffunction-sections -fdata-sections -Wall -fstack-usage -fcyclomatic-complexity -MMD -MP -MF"Drivers/STM32L0xx_HAL_Driver/Src/stm32l0xx_hal.d" -MT"Drivers/STM32L0xx_HAL_Driver/Src/stm32l0xx_hal.o" --specs=nano.specs -mfloat-abi=soft -mthumb -o "Drivers/STM32L0xx_HAL_Driver/Src/stm32l0xx_hal.o"
arm-none-eabi-gcc "../Drivers/STM32L0xx_HAL_Driver/Src/stm32l0xx_hal_cortex.c" -mcpu=cortex-m0plus -std=gnu11 -g3 -DDEBUG -DUSE_HAL_DRIVER -DSTM32L073xx -c -I../Core/Inc -I../Drivers/STM32L0xx_HAL_Driver/Inc -I../Drivers/STM32L0xx_HAL_Driver/Inc/Legacy -I../Drivers/CMSIS/Device/ST/STM32L0xx/Include -I../Drivers/CMSIS/Include -O0 -ffunction-sections -fdata-sections -Wall -fstack-usage -fcyclomatic-complexity -MMD -MP -MF"Drivers/STM32L0xx_HAL_Driver/Src/stm32l0xx_hal_cortex.d" -MT"Drivers/STM32L0xx_HAL_Driver/Src/stm32l0xx_hal_cortex.o" --specs=nano.specs -mfloat-abi=soft -mthumb -o "Drivers/STM32L0xx_HAL_Driver/Src/stm32l0xx_hal_cortex.o"
arm-none-eabi-gcc "../Drivers/STM32L0xx_HAL_Driver/Src/stm32l0xx_hal_dma.c" -mcpu=cortex-m0plus -std=gnu11 -g3 -DDEBUG -DUSE_HAL_DRIVER -DSTM32L073xx -c -I../Core/Inc -I../Drivers/STM32L0xx_HAL_Driver/Inc -I../Drivers/STM32L0xx_HAL_Driver/Inc/Legacy -I../Drivers/CMSIS/Device/ST/STM32L0xx/Include -I../Drivers/CMSIS/Include -O0 -ffunction-sections -fdata-sections -Wall -fstack-usage -fcyclomatic-complexity -MMD -MP -MF"Drivers/STM32L0xx_HAL_Driver/Src/stm32l0xx_hal_dma.d" -MT"Drivers/STM32L0xx_HAL_Driver/Src/stm32l0xx_hal_dma.o" --specs=nano.specs -mfloat-abi=soft -mthumb -o "Drivers/STM32L0xx_HAL_Driver/Src/stm32l0xx_hal_dma.o"
arm-none-eabi-gcc "../Drivers/STM32L0xx_HAL_Driver/Src/stm32l0xx_hal_exti.c" -mcpu=cortex-m0plus -std=gnu11 -g3 -DDEBUG -DUSE_HAL_DRIVER -DSTM32L073xx -c -I../Core/Inc -I../Drivers/STM32L0xx_HAL_Driver/Inc -I../Drivers/STM32L0xx_HAL_Driver/Inc/Legacy -I../Drivers/CMSIS/Device/ST/STM32L0xx/Include -I../Drivers/CMSIS/Include -O0 -ffunction-sections -fdata-sections -Wall -fstack-usage -fcyclomatic-complexity -MMD -MP -MF"Drivers/STM32L0xx_HAL_Driver/Src/stm32l0xx_hal_exti.d" -MT"Drivers/STM32L0xx_HAL_Driver/Src/stm32l0xx_hal_exti.o" --specs=nano.specs -mfloat-abi=soft -mthumb -o "Drivers/STM32L0xx_HAL_Driver/Src/stm32l0xx_hal_exti.o"
arm-none-eabi-gcc "../Drivers/STM32L0xx_HAL_Driver/Src/stm32l0xx_hal_flash.c" -mcpu=cortex-m0plus -std=gnu11 -g3 -DDEBUG -DUSE_HAL_DRIVER -DSTM32L073xx -c -I../Core/Inc -I../Drivers/STM32L0xx_HAL_Driver/Inc -I../Drivers/STM32L0xx_HAL_Driver/Inc/Legacy -I../Drivers/CMSIS/Device/ST/STM32L0xx/Include -I../Drivers/CMSIS/Include -O0 -ffunction-sections -fdata-sections -Wall -fstack-usage -fcyclomatic-complexity -MMD -MP -MF"Drivers/STM32L0xx_HAL_Driver/Src/stm32l0xx_hal_flash.d" -MT"Drivers/STM32L0xx_HAL_Driver/Src/stm32l0xx_hal_flash.o" --specs=nano.specs -mfloat-abi=soft -mthumb -o "Drivers/STM32L0xx_HAL_Driver/Src/stm32l0xx_hal_flash.o"
arm-none-eabi-gcc "../Drivers/STM32L0xx_HAL_Driver/Src/stm32l0xx_hal_flash_ex.c" -mcpu=cortex-m0plus -std=gnu11 -g3 -DDEBUG -DUSE_HAL_DRIVER -DSTM32L073xx -c -I../Core/Inc -I../Drivers/STM32L0xx_HAL_Driver/Inc -I../Drivers/STM32L0xx_HAL_Driver/Inc/Legacy -I../Drivers/CMSIS/Device/ST/STM32L0xx/Include -I../Drivers/CMSIS/Include -O0 -ffunction-sections -fdata-sections -Wall -fstack-usage -fcyclomatic-complexity -MMD -MP -MF"Drivers/STM32L0xx_HAL_Driver/Src/stm32l0xx_hal_flash_ex.d" -MT"Drivers/STM32L0xx_HAL_Driver/Src/stm32l0xx_hal_flash_ex.o" --specs=nano.specs -mfloat-abi=soft -mthumb -o "Drivers/STM32L0xx_HAL_Driver/Src/stm32l0xx_hal_flash_ex.o"
arm-none-eabi-gcc "../Drivers/STM32L0xx_HAL_Driver/Src/stm32l0xx_hal_flash_ramfunc.c" -mcpu=cortex-m0plus -std=gnu11 -g3 -DDEBUG -DUSE_HAL_DRIVER -DSTM32L073xx -c -I../Core/Inc -I../Drivers/STM32L0xx_HAL_Driver/Inc -I../Drivers/STM32L0xx_HAL_Driver/Inc/Legacy -I../Drivers/CMSIS/Device/ST/STM32L0xx/Include -I../Drivers/CMSIS/Include -O0 -ffunction-sections -fdata-sections -Wall -fstack-usage -fcyclomatic-complexity -MMD -MP -MF"Drivers/STM32L0xx_HAL_Driver/Src/stm32l0xx_hal_flash_ramfunc.d" -MT"Drivers/STM32L0xx_HAL_Driver/Src/stm32l0xx_hal_flash_ramfunc.o" --specs=nano.specs -mfloat-abi=soft -mthumb -o "Drivers/STM32L0xx_HAL_Driver/Src/stm32l0xx_hal_flash_ramfunc.o"
arm-none-eabi-gcc "../Drivers/STM32L0xx_HAL_Driver/Src/stm32l0xx_hal_gpio.c" -mcpu=cortex-m0plus -std=gnu11 -g3 -DDEBUG -DUSE_HAL_DRIVER -DSTM32L073xx -c -I../Core/Inc -I../Drivers/STM32L0xx_HAL_Driver/Inc -I../Drivers/STM32L0xx_HAL_Driver/Inc/Legacy -I../Drivers/CMSIS/Device/ST/STM32L0xx/Include -I../Drivers/CMSIS/Include -O0 -ffunction-sections -fdata-sections -Wall -fstack-usage -fcyclomatic-complexity -MMD -MP -MF"Drivers/STM32L0xx_HAL_Driver/Src/stm32l0xx_hal_gpio.d" -MT"Drivers/STM32L0xx_HAL_Driver/Src/stm32l0xx_hal_gpio.o" --specs=nano.specs -mfloat-abi=soft -mthumb -o "Drivers/STM32L0xx_HAL_Driver/Src/stm32l0xx_hal_gpio.o"
arm-none-eabi-gcc "../Drivers/STM32L0xx_HAL_Driver/Src/stm32l0xx_hal_i2c.c" -mcpu=cortex-m0plus -std=gnu11 -g3 -DDEBUG -DUSE_HAL_DRIVER -DSTM32L073xx -c -I../Core/Inc -I../Drivers/STM32L0xx_HAL_Driver/Inc -I../Drivers/STM32L0xx_HAL_Driver/Inc/Legacy -I../Drivers/CMSIS/Device/ST/STM32L0xx/Include -I../Drivers/CMSIS/Include -O0 -ffunction-sections -fdata-sections -Wall -fstack-usage -fcyclomatic-complexity -MMD -MP -MF"Drivers/STM32L0xx_HAL_Driver/Src/stm32l0xx_hal_i2c.d" -MT"Drivers/STM32L0xx_HAL_Driver/Src/stm32l0xx_hal_i2c.o" --specs=nano.specs -mfloat-abi=soft -mthumb -o "Drivers/STM32L0xx_HAL_Driver/Src/stm32l0xx_hal_i2c.o"
arm-none-eabi-gcc "../Drivers/STM32L0xx_HAL_Driver/Src/stm32l0xx_hal_i2c_ex.c" -mcpu=cortex-m0plus -std=gnu11 -g3 -DDEBUG -DUSE_HAL_DRIVER -DSTM32L073xx -c -I../Core/Inc -I../Drivers/STM32L0xx_HAL_Driver/Inc -I../Drivers/STM32L0xx_HAL_Driver/Inc/Legacy -I../Drivers/CMSIS/Device/ST/STM32L0xx/Include -I../Drivers/CMSIS/Include -O0 -ffunction-sections -fdata-sections -Wall -fstack-usage -fcyclomatic-complexity -MMD -MP -MF"Drivers/STM32L0xx_HAL_Driver/Src/stm32l0xx_hal_i2c_ex.d" -MT"Drivers/STM32L0xx_HAL_Driver/Src/stm32l0xx_hal_i2c_ex.o" --specs=nano.specs -mfloat-abi=soft -mthumb -o "Drivers/STM32L0xx_HAL_Driver/Src/stm32l0xx_hal_i2c_ex.o"
arm-none-eabi-gcc "../Drivers/STM32L0xx_HAL_Driver/Src/stm32l0xx_hal_pwr.c" -mcpu=cortex-m0plus -std=gnu11 -g3 -DDEBUG -DUSE_HAL_DRIVER -DSTM32L073xx -c -I../Core/Inc -I../Drivers/STM32L0xx_HAL_Driver/Inc -I../Drivers/STM32L0xx_HAL_Driver/Inc/Legacy -I../Drivers/CMSIS/Device/ST/STM32L0xx/Include -I../Drivers/CMSIS/Include -O0 -ffunction-sections -fdata-sections -Wall -fstack-usage -fcyclomatic-complexity -MMD -MP -MF"Drivers/STM32L0xx_HAL_Driver/Src/stm32l0xx_hal_pwr.d" -MT"Drivers/STM32L0xx_HAL_Driver/Src/stm32l0xx_hal_pwr.o" --specs=nano.specs -mfloat-abi=soft -mthumb -o "Drivers/STM32L0xx_HAL_Driver/Src/stm32l0xx_hal_pwr.o"
arm-none-eabi-gcc "../Drivers/STM32L0xx_HAL_Driver/Src/stm32l0xx_hal_pwr_ex.c" -mcpu=cortex-m0plus -std=gnu11 -g3 -DDEBUG -DUSE_HAL_DRIVER -DSTM32L073xx -c -I../Core/Inc -I../Drivers/STM32L0xx_HAL_Driver/Inc -I../Drivers/STM32L0xx_HAL_Driver/Inc/Legacy -I../Drivers/CMSIS/Device/ST/STM32L0xx/Include -I../Drivers/CMSIS/Include -O0 -ffunction-sections -fdata-sections -Wall -fstack-usage -fcyclomatic-complexity -MMD -MP -MF"Drivers/STM32L0xx_HAL_Driver/Src/stm32l0xx_hal_pwr_ex.d" -MT"Drivers/STM32L0xx_HAL_Driver/Src/stm32l0xx_hal_pwr_ex.o" --specs=nano.specs -mfloat-abi=soft -mthumb -o "Drivers/STM32L0xx_HAL_Driver/Src/stm32l0xx_hal_pwr_ex.o"
arm-none-eabi-gcc "../Drivers/STM32L0xx_HAL_Driver/Src/stm32l0xx_hal_rcc.c" -mcpu=cortex-m0plus -std=gnu11 -g3 -DDEBUG -DUSE_HAL_DRIVER -DSTM32L073xx -c -I../Core/Inc -I../Drivers/STM32L0xx_HAL_Driver/Inc -I../Drivers/STM32L0xx_HAL_Driver/Inc/Legacy -I../Drivers/CMSIS/Device/ST/STM32L0xx/Include -I../Drivers/CMSIS/Include -O0 -ffunction-sections -fdata-sections -Wall -fstack-usage -fcyclomatic-complexity -MMD -MP -MF"Drivers/STM32L0xx_HAL_Driver/Src/stm32l0xx_hal_rcc.d" -MT"Drivers/STM32L0xx_HAL_Driver/Src/stm32l0xx_hal_rcc.o" --specs=nano.specs -mfloat-abi=soft -mthumb -o "Drivers/STM32L0xx_HAL_Driver/Src/stm32l0xx_hal_rcc.o"
arm-none-eabi-gcc "../Drivers/STM32L0xx_HAL_Driver/Src/stm32l0xx_hal_rcc_ex.c" -mcpu=cortex-m0plus -std=gnu11 -g3 -DDEBUG -DUSE_HAL_DRIVER -DSTM32L073xx -c -I../Core/Inc -I../Drivers/STM32L0xx_HAL_Driver/Inc -I../Drivers/STM32L0xx_HAL_Driver/Inc/Legacy -I../Drivers/CMSIS/Device/ST/STM32L0xx/Include -I../Drivers/CMSIS/Include -O0 -ffunction-sections -fdata-sections -Wall -fstack-usage -fcyclomatic-complexity -MMD -MP -MF"Drivers/STM32L0xx_HAL_Driver/Src/stm32l0xx_hal_rcc_ex.d" -MT"Drivers/STM32L0xx_HAL_Driver/Src/stm32l0xx_hal_rcc_ex.o" --specs=nano.specs -mfloat-abi=soft -mthumb -o "Drivers/STM32L0xx_HAL_Driver/Src/stm32l0xx_hal_rcc_ex.o"
arm-none-eabi-gcc "../Drivers/STM32L0xx_HAL_Driver/Src/stm32l0xx_hal_tim.c" -mcpu=cortex-m0plus -std=gnu11 -g3 -DDEBUG -DUSE_HAL_DRIVER -DSTM32L073xx -c -I../Core/Inc -I../Drivers/STM32L0xx_HAL_Driver/Inc -I../Drivers/STM32L0xx_HAL_Driver/Inc/Legacy -I../Drivers/CMSIS/Device/ST/STM32L0xx/Include -I../Drivers/CMSIS/Include -O0 -ffunction-sections -fdata-sections -Wall -fstack-usage -fcyclomatic-complexity -MMD -MP -MF"Drivers/STM32L0xx_HAL_Driver/Src/stm32l0xx_hal_tim.d" -MT"Drivers/STM32L0xx_HAL_Driver/Src/stm32l0xx_hal_tim.o" --specs=nano.specs -mfloat-abi=soft -mthumb -o "Drivers/STM32L0xx_HAL_Driver/Src/stm32l0xx_hal_tim.o"
arm-none-eabi-gcc "../Drivers/STM32L0xx_HAL_Driver/Src/stm32l0xx_hal_tim_ex.c" -mcpu=cortex-m0plus -std=gnu11 -g3 -DDEBUG -DUSE_HAL_DRIVER -DSTM32L073xx -c -I../Core/Inc -I../Drivers/STM32L0xx_HAL_Driver/Inc -I../Drivers/STM32L0xx_HAL_Driver/Inc/Legacy -I../Drivers/CMSIS/Device/ST/STM32L0xx/Include -I../Drivers/CMSIS/Include -O0 -ffunction-sections -fdata-sections -Wall -fstack-usage -fcyclomatic-complexity -MMD -MP -MF"Drivers/STM32L0xx_HAL_Driver/Src/stm32l0xx_hal_tim_ex.d" -MT"Drivers/STM32L0xx_HAL_Driver/Src/stm32l0xx_hal_tim_ex.o" --specs=nano.specs -mfloat-abi=soft -mthumb -o "Drivers/STM32L0xx_HAL_Driver/Src/stm32l0xx_hal_tim_ex.o"
arm-none-eabi-gcc "../Drivers/STM32L0xx_HAL_Driver/Src/stm32l0xx_hal_uart.c" -mcpu=cortex-m0plus -std=gnu11 -g3 -DDEBUG -DUSE_HAL_DRIVER -DSTM32L073xx -c -I../Core/Inc -I../Drivers/STM32L0xx_HAL_Driver/Inc -I../Drivers/STM32L0xx_HAL_Driver/Inc/Legacy -I../Drivers/CMSIS/Device/ST/STM32L0xx/Include -I../Drivers/CMSIS/Include -O0 -ffunction-sections -fdata-sections -Wall -fstack-usage -fcyclomatic-complexity -MMD -MP -MF"Drivers/STM32L0xx_HAL_Driver/Src/stm32l0xx_hal_uart.d" -MT"Drivers/STM32L0xx_HAL_Driver/Src/stm32l0xx_hal_uart.o" --specs=nano.specs -mfloat-abi=soft -mthumb -o "Drivers/STM32L0xx_HAL_Driver/Src/stm32l0xx_hal_uart.o"
arm-none-eabi-gcc "../Drivers/STM32L0xx_HAL_Driver/Src/stm32l0xx_hal_uart_ex.c" -mcpu=cortex-m0plus -std=gnu11 -g3 -DDEBUG -DUSE_HAL_DRIVER -DSTM32L073xx -c -I../Core/Inc -I../Drivers/STM32L0xx_HAL_Driver/Inc -I../Drivers/STM32L0xx_HAL_Driver/Inc/Legacy -I../Drivers/CMSIS/Device/ST/STM32L0xx/Include -I../Drivers/CMSIS/Include -O0 -ffunction-sections -fdata-sections -Wall -fstack-usage -fcyclomatic-complexity -MMD -MP -MF"Drivers/STM32L0xx_HAL_Driver/Src/stm32l0xx_hal_uart_ex.d" -MT"Drivers/STM32L0xx_HAL_Driver/Src/stm32l0xx_hal_uart_ex.o" --specs=nano.specs -mfloat-abi=soft -mthumb -o "Drivers/STM32L0xx_HAL_Driver/Src/stm32l0xx_hal_uart_ex.o"
arm-none-eabi-gcc -mcpu=cortex-m0plus -g3 -DDEBUG -c -x assembler-with-cpp -MMD -MP -MF"Core/Startup/startup_stm32l073rztx.d" -MT"Core/Startup/startup_stm32l073rztx.o" --specs=nano.specs -mfloat-abi=soft -mthumb -o "Core/Startup/startup_stm32l073rztx.o" "../Core/Startup/startup_stm32l073rztx.s"
arm-none-eabi-gcc "../Core/Src/main.c" -mcpu=cortex-m0plus -std=gnu11 -g3 -DDEBUG -DUSE_HAL_DRIVER -DSTM32L073xx -c -I../Core/Inc -I../Drivers/STM32L0xx_HAL_Driver/Inc -I../Drivers/STM32L0xx_HAL_Driver/Inc/Legacy -I../Drivers/CMSIS/Device/ST/STM32L0xx/Include -I../Drivers/CMSIS/Include -O0 -ffunction-sections -fdata-sections -Wall -fstack-usage -fcyclomatic-complexity -MMD -MP -MF"Core/Src/main.d" -MT"Core/Src/main.o" --specs=nano.specs -mfloat-abi=soft -mthumb -o "Core/Src/main.o"
arm-none-eabi-gcc "../Core/Src/printf.c" -mcpu=cortex-m0plus -std=gnu11 -g3 -DDEBUG -DUSE_HAL_DRIVER -DSTM32L073xx -c -I../Core/Inc -I../Drivers/STM32L0xx_HAL_Driver/Inc -I../Drivers/STM32L0xx_HAL_Driver/Inc/Legacy -I../Drivers/CMSIS/Device/ST/STM32L0xx/Include -I../Drivers/CMSIS/Include -O0 -ffunction-sections -fdata-sections -Wall -fstack-usage -fcyclomatic-complexity -MMD -MP -MF"Core/Src/printf.d" -MT"Core/Src/printf.o" --specs=nano.specs -mfloat-abi=soft -mthumb -o "Core/Src/printf.o"
../Core/Src/main.c: In function 'main':
../Core/Src/main.c:77:3: warning: implicit declaration of function 'MX_USART1_UART_Init'; did you mean 'MX_USART2_UART_Init'? [-Wimplicit-function-declaration]
   77 |   MX_USART1_UART_Init();
      |   ^~~~~~~~~~~~~~~~~~~
      |   MX_USART2_UART_Init
../Core/Src/main.c:124:40: warning: passing argument 2 of 'snprintf_' makes integer from pointer without a cast [-Wint-conversion]
  124 |           snprintf_(uart_buffer_accel, "Accel - X: %.2f g, Y: %.2f g, Z: %.2f g\r\n", accel_x_g, accel_y_g, accel_z_g);
      |                                        ^~~~~~~~~~~~~~~~~~~~~~~~~~~~~~~~~~~~~~~~~~~~~
      |                                        |
      |                                        char *
In file included from ../Core/Src/main.c:26:
../Core/Inc/printf.h:177:32: note: expected 'size_t' {aka 'unsigned int'} but argument is of type 'char *'
  177 | int  snprintf_(char* s, size_t count, const char* format, ...) ATTR_PRINTF(3, 4);
      |                         ~~~~~~~^~~~~
../Core/Src/main.c:124:87: error: incompatible type for argument 3 of 'snprintf_'
  124 |           snprintf_(uart_buffer_accel, "Accel - X: %.2f g, Y: %.2f g, Z: %.2f g\r\n", accel_x_g, accel_y_g, accel_z_g);
      |                                                                                       ^~~~~~~~~
      |                                                                                       |
      |                                                                                       float
../Core/Inc/printf.h:177:51: note: expected 'const char *' but argument is of type 'float'
  177 | int  snprintf_(char* s, size_t count, const char* format, ...) ATTR_PRINTF(3, 4);
      |                                       ~~~~~~~~~~~~^~~~~~
../Core/Src/main.c:125:39: warning: passing argument 2 of 'snprintf_' makes integer from pointer without a cast [-Wint-conversion]
  125 |           snprintf_(uart_buffer_gyro, "Gyro - X: %.2f dps, Y: %.2f dps, Z: %.2f dps\r\n\n", gyro_x_dps, gyro_y_dps, gyro_z_dps);
      |                                       ^~~~~~~~~~~~~~~~~~~~~~~~~~~~~~~~~~~~~~~~~~~~~~~~~~~~
      |                                       |
      |                                       char *
../Core/Inc/printf.h:177:32: note: expected 'size_t' {aka 'unsigned int'} but argument is of type 'char *'
  177 | int  snprintf_(char* s, size_t count, const char* format, ...) ATTR_PRINTF(3, 4);
      |                         ~~~~~~~^~~~~
../Core/Src/main.c:125:93: error: incompatible type for argument 3 of 'snprintf_'
  125 |           snprintf_(uart_buffer_gyro, "Gyro - X: %.2f dps, Y: %.2f dps, Z: %.2f dps\r\n\n", gyro_x_dps, gyro_y_dps, gyro_z_dps);
      |                                                                                             ^~~~~~~~~~
      |                                                                                             |
      |                                                                                             float
../Core/Inc/printf.h:177:51: note: expected 'const char *' but argument is of type 'float'
  177 | int  snprintf_(char* s, size_t count, const char* format, ...) ATTR_PRINTF(3, 4);
      |                                       ~~~~~~~~~~~~^~~~~~
../Core/Src/main.c:126:30: error: 'huart1' undeclared (first use in this function); did you mean 'huart2'?
  126 |           HAL_UART_Transmit(&huart1, (uint8_t*)uart_buffer_accel, strlen(uart_buffer_accel), 100);
      |                              ^~~~~~
      |                              huart2
../Core/Src/main.c:126:30: note: each undeclared identifier is reported only once for each function it appears in
../Core/Src/main.c: At top level:
../Core/Src/main.c:232:13: warning: conflicting types for 'MX_USART1_UART_Init'; have 'void(void)'
  232 | static void MX_USART1_UART_Init(void)
      |             ^~~~~~~~~~~~~~~~~~~
../Core/Src/main.c:232:13: error: static declaration of 'MX_USART1_UART_Init' follows non-static declaration
../Core/Src/main.c:77:3: note: previous implicit declaration of 'MX_USART1_UART_Init' with type 'void(void)'
   77 |   MX_USART1_UART_Init();
      |   ^~~~~~~~~~~~~~~~~~~
../Core/Src/main.c: In function 'MX_USART1_UART_Init':
../Core/Src/main.c:238:3: error: 'huart1' undeclared (first use in this function); did you mean 'huart2'?
  238 |   huart1.Instance = USART1;
      |   ^~~~~~
      |   huart2
../Core/Src/main.c: At top level:
../Core/Src/main.c:232:13: warning: 'MX_USART1_UART_Init' defined but not used [-Wunused-function]
  232 | static void MX_USART1_UART_Init(void)
      |             ^~~~~~~~~~~~~~~~~~~
make: *** [Core/Src/subdir.mk:37: Core/Src/main.o] Error 1
make: *** Waiting for unfinished jobs....
"make -j7 all" terminated with exit code 2. Build might be incomplete.
19:21:58 **** Incremental Build of configuration Debug for project IMU_Testing ****
make -j7 all 
arm-none-eabi-gcc "../Core/Src/main.c" -mcpu=cortex-m0plus -std=gnu11 -g3 -DDEBUG -DUSE_HAL_DRIVER -DSTM32L073xx -c -I../Core/Inc -I../Drivers/STM32L0xx_HAL_Driver/Inc -I../Drivers/STM32L0xx_HAL_Driver/Inc/Legacy -I../Drivers/CMSIS/Device/ST/STM32L0xx/Include -I../Drivers/CMSIS/Include -O0 -ffunction-sections -fdata-sections -Wall -fstack-usage -fcyclomatic-complexity -MMD -MP -MF"Core/Src/main.d" -MT"Core/Src/main.o" --specs=nano.specs -mfloat-abi=soft -mthumb -o "Core/Src/main.o"
arm-none-eabi-gcc "../Core/Src/stm32l0xx_hal_msp.c" -mcpu=cortex-m0plus -std=gnu11 -g3 -DDEBUG -DUSE_HAL_DRIVER -DSTM32L073xx -c -I../Core/Inc -I../Drivers/STM32L0xx_HAL_Driver/Inc -I../Drivers/STM32L0xx_HAL_Driver/Inc/Legacy -I../Drivers/CMSIS/Device/ST/STM32L0xx/Include -I../Drivers/CMSIS/Include -O0 -ffunction-sections -fdata-sections -Wall -fstack-usage -fcyclomatic-complexity -MMD -MP -MF"Core/Src/stm32l0xx_hal_msp.d" -MT"Core/Src/stm32l0xx_hal_msp.o" --specs=nano.specs -mfloat-abi=soft -mthumb -o "Core/Src/stm32l0xx_hal_msp.o"
arm-none-eabi-gcc "../Core/Src/stm32l0xx_it.c" -mcpu=cortex-m0plus -std=gnu11 -g3 -DDEBUG -DUSE_HAL_DRIVER -DSTM32L073xx -c -I../Core/Inc -I../Drivers/STM32L0xx_HAL_Driver/Inc -I../Drivers/STM32L0xx_HAL_Driver/Inc/Legacy -I../Drivers/CMSIS/Device/ST/STM32L0xx/Include -I../Drivers/CMSIS/Include -O0 -ffunction-sections -fdata-sections -Wall -fstack-usage -fcyclomatic-complexity -MMD -MP -MF"Core/Src/stm32l0xx_it.d" -MT"Core/Src/stm32l0xx_it.o" --specs=nano.specs -mfloat-abi=soft -mthumb -o "Core/Src/stm32l0xx_it.o"
arm-none-eabi-gcc "../Core/Src/syscalls.c" -mcpu=cortex-m0plus -std=gnu11 -g3 -DDEBUG -DUSE_HAL_DRIVER -DSTM32L073xx -c -I../Core/Inc -I../Drivers/STM32L0xx_HAL_Driver/Inc -I../Drivers/STM32L0xx_HAL_Driver/Inc/Legacy -I../Drivers/CMSIS/Device/ST/STM32L0xx/Include -I../Drivers/CMSIS/Include -O0 -ffunction-sections -fdata-sections -Wall -fstack-usage -fcyclomatic-complexity -MMD -MP -MF"Core/Src/syscalls.d" -MT"Core/Src/syscalls.o" --specs=nano.specs -mfloat-abi=soft -mthumb -o "Core/Src/syscalls.o"
arm-none-eabi-gcc "../Core/Src/sysmem.c" -mcpu=cortex-m0plus -std=gnu11 -g3 -DDEBUG -DUSE_HAL_DRIVER -DSTM32L073xx -c -I../Core/Inc -I../Drivers/STM32L0xx_HAL_Driver/Inc -I../Drivers/STM32L0xx_HAL_Driver/Inc/Legacy -I../Drivers/CMSIS/Device/ST/STM32L0xx/Include -I../Drivers/CMSIS/Include -O0 -ffunction-sections -fdata-sections -Wall -fstack-usage -fcyclomatic-complexity -MMD -MP -MF"Core/Src/sysmem.d" -MT"Core/Src/sysmem.o" --specs=nano.specs -mfloat-abi=soft -mthumb -o "Core/Src/sysmem.o"
arm-none-eabi-gcc "../Core/Src/system_stm32l0xx.c" -mcpu=cortex-m0plus -std=gnu11 -g3 -DDEBUG -DUSE_HAL_DRIVER -DSTM32L073xx -c -I../Core/Inc -I../Drivers/STM32L0xx_HAL_Driver/Inc -I../Drivers/STM32L0xx_HAL_Driver/Inc/Legacy -I../Drivers/CMSIS/Device/ST/STM32L0xx/Include -I../Drivers/CMSIS/Include -O0 -ffunction-sections -fdata-sections -Wall -fstack-usage -fcyclomatic-complexity -MMD -MP -MF"Core/Src/system_stm32l0xx.d" -MT"Core/Src/system_stm32l0xx.o" --specs=nano.specs -mfloat-abi=soft -mthumb -o "Core/Src/system_stm32l0xx.o"
../Core/Src/main.c: In function 'main':
../Core/Src/main.c:77:3: warning: implicit declaration of function 'MX_USART1_UART_Init'; did you mean 'MX_USART2_UART_Init'? [-Wimplicit-function-declaration]
   77 |   MX_USART1_UART_Init();
      |   ^~~~~~~~~~~~~~~~~~~
      |   MX_USART2_UART_Init
../Core/Src/main.c:124:40: warning: passing argument 2 of 'snprintf_' makes integer from pointer without a cast [-Wint-conversion]
  124 |           snprintf_(uart_buffer_accel, "Accel - X: %.2f g, Y: %.2f g, Z: %.2f g\r\n", accel_x_g, accel_y_g, accel_z_g);
      |                                        ^~~~~~~~~~~~~~~~~~~~~~~~~~~~~~~~~~~~~~~~~~~~~
      |                                        |
      |                                        char *
In file included from ../Core/Src/main.c:26:
../Core/Inc/printf.h:177:32: note: expected 'size_t' {aka 'unsigned int'} but argument is of type 'char *'
  177 | int  snprintf_(char* s, size_t count, const char* format, ...) ATTR_PRINTF(3, 4);
      |                         ~~~~~~~^~~~~
../Core/Src/main.c:124:87: error: incompatible type for argument 3 of 'snprintf_'
  124 |           snprintf_(uart_buffer_accel, "Accel - X: %.2f g, Y: %.2f g, Z: %.2f g\r\n", accel_x_g, accel_y_g, accel_z_g);
      |                                                                                       ^~~~~~~~~
      |                                                                                       |
      |                                                                                       float
../Core/Inc/printf.h:177:51: note: expected 'const char *' but argument is of type 'float'
  177 | int  snprintf_(char* s, size_t count, const char* format, ...) ATTR_PRINTF(3, 4);
      |                                       ~~~~~~~~~~~~^~~~~~
../Core/Src/main.c:125:39: warning: passing argument 2 of 'snprintf_' makes integer from pointer without a cast [-Wint-conversion]
  125 |           snprintf_(uart_buffer_gyro, "Gyro - X: %.2f dps, Y: %.2f dps, Z: %.2f dps\r\n\n", gyro_x_dps, gyro_y_dps, gyro_z_dps);
      |                                       ^~~~~~~~~~~~~~~~~~~~~~~~~~~~~~~~~~~~~~~~~~~~~~~~~~~~
      |                                       |
      |                                       char *
../Core/Inc/printf.h:177:32: note: expected 'size_t' {aka 'unsigned int'} but argument is of type 'char *'
  177 | int  snprintf_(char* s, size_t count, const char* format, ...) ATTR_PRINTF(3, 4);
      |                         ~~~~~~~^~~~~
../Core/Src/main.c:125:93: error: incompatible type for argument 3 of 'snprintf_'
  125 |           snprintf_(uart_buffer_gyro, "Gyro - X: %.2f dps, Y: %.2f dps, Z: %.2f dps\r\n\n", gyro_x_dps, gyro_y_dps, gyro_z_dps);
      |                                                                                             ^~~~~~~~~~
      |                                                                                             |
      |                                                                                             float
../Core/Inc/printf.h:177:51: note: expected 'const char *' but argument is of type 'float'
  177 | int  snprintf_(char* s, size_t count, const char* format, ...) ATTR_PRINTF(3, 4);
      |                                       ~~~~~~~~~~~~^~~~~~
../Core/Src/main.c: At top level:
../Core/Src/main.c:232:13: warning: conflicting types for 'MX_USART1_UART_Init'; have 'void(void)'
  232 | static void MX_USART1_UART_Init(void)
      |             ^~~~~~~~~~~~~~~~~~~
../Core/Src/main.c:232:13: error: static declaration of 'MX_USART1_UART_Init' follows non-static declaration
../Core/Src/main.c:77:3: note: previous implicit declaration of 'MX_USART1_UART_Init' with type 'void(void)'
   77 |   MX_USART1_UART_Init();
      |   ^~~~~~~~~~~~~~~~~~~
../Core/Src/main.c:232:13: warning: 'MX_USART1_UART_Init' defined but not used [-Wunused-function]
  232 | static void MX_USART1_UART_Init(void)
      |             ^~~~~~~~~~~~~~~~~~~
make: *** [Core/Src/subdir.mk:37: Core/Src/main.o] Error 1
make: *** Waiting for unfinished jobs....
"make -j7 all" terminated with exit code 2. Build might be incomplete.
19:23:00 **** Incremental Build of configuration Debug for project IMU_Testing ****
make -j7 all 
arm-none-eabi-gcc "../Core/Src/main.c" -mcpu=cortex-m0plus -std=gnu11 -g3 -DDEBUG -DUSE_HAL_DRIVER -DSTM32L073xx -c -I../Core/Inc -I../Drivers/STM32L0xx_HAL_Driver/Inc -I../Drivers/STM32L0xx_HAL_Driver/Inc/Legacy -I../Drivers/CMSIS/Device/ST/STM32L0xx/Include -I../Drivers/CMSIS/Include -O0 -ffunction-sections -fdata-sections -Wall -fstack-usage -fcyclomatic-complexity -MMD -MP -MF"Core/Src/main.d" -MT"Core/Src/main.o" --specs=nano.specs -mfloat-abi=soft -mthumb -o "Core/Src/main.o"
../Core/Src/main.c: In function 'main':
../Core/Src/main.c:77:3: warning: statement with no effect [-Wunused-value]
   77 |   MX_USART2_UART_Init
      |   ^~~~~~~~~~~~~~~~~~~
../Core/Src/main.c:77:22: error: expected ';' before 'uint8_t'
   77 |   MX_USART2_UART_Init
      |                      ^
      |                      ;
   78 |   /* USER CODE BEGIN 2 */
   79 |   uint8_t INT1_CTRL = 0x01;     // Acc data-ready interrupt on INT1
      |   ~~~~~~~             
../Core/Src/main.c:85:57: error: 'INT1_CTRL' undeclared (first use in this function)
   85 |   HAL_I2C_Mem_Write(&hi2c1, (0b01101010 << 1), 0x0, 1, &INT1_CTRL, 1, 100);     //data-ready interrupt pin
      |                                                         ^~~~~~~~~
../Core/Src/main.c:85:57: note: each undeclared identifier is reported only once for each function it appears in
../Core/Src/main.c:124:40: warning: passing argument 2 of 'snprintf_' makes integer from pointer without a cast [-Wint-conversion]
  124 |           snprintf_(uart_buffer_accel, "Accel - X: %.2f g, Y: %.2f g, Z: %.2f g\r\n", accel_x_g, accel_y_g, accel_z_g);
      |                                        ^~~~~~~~~~~~~~~~~~~~~~~~~~~~~~~~~~~~~~~~~~~~~
      |                                        |
      |                                        char *
In file included from ../Core/Src/main.c:26:
../Core/Inc/printf.h:177:32: note: expected 'size_t' {aka 'unsigned int'} but argument is of type 'char *'
  177 | int  snprintf_(char* s, size_t count, const char* format, ...) ATTR_PRINTF(3, 4);
      |                         ~~~~~~~^~~~~
../Core/Src/main.c:124:87: error: incompatible type for argument 3 of 'snprintf_'
  124 |           snprintf_(uart_buffer_accel, "Accel - X: %.2f g, Y: %.2f g, Z: %.2f g\r\n", accel_x_g, accel_y_g, accel_z_g);
      |                                                                                       ^~~~~~~~~
      |                                                                                       |
      |                                                                                       float
../Core/Inc/printf.h:177:51: note: expected 'const char *' but argument is of type 'float'
  177 | int  snprintf_(char* s, size_t count, const char* format, ...) ATTR_PRINTF(3, 4);
      |                                       ~~~~~~~~~~~~^~~~~~
../Core/Src/main.c:125:39: warning: passing argument 2 of 'snprintf_' makes integer from pointer without a cast [-Wint-conversion]
  125 |           snprintf_(uart_buffer_gyro, "Gyro - X: %.2f dps, Y: %.2f dps, Z: %.2f dps\r\n\n", gyro_x_dps, gyro_y_dps, gyro_z_dps);
      |                                       ^~~~~~~~~~~~~~~~~~~~~~~~~~~~~~~~~~~~~~~~~~~~~~~~~~~~
      |                                       |
      |                                       char *
../Core/Inc/printf.h:177:32: note: expected 'size_t' {aka 'unsigned int'} but argument is of type 'char *'
  177 | int  snprintf_(char* s, size_t count, const char* format, ...) ATTR_PRINTF(3, 4);
      |                         ~~~~~~~^~~~~
../Core/Src/main.c:125:93: error: incompatible type for argument 3 of 'snprintf_'
  125 |           snprintf_(uart_buffer_gyro, "Gyro - X: %.2f dps, Y: %.2f dps, Z: %.2f dps\r\n\n", gyro_x_dps, gyro_y_dps, gyro_z_dps);
      |                                                                                             ^~~~~~~~~~
      |                                                                                             |
      |                                                                                             float
../Core/Inc/printf.h:177:51: note: expected 'const char *' but argument is of type 'float'
  177 | int  snprintf_(char* s, size_t count, const char* format, ...) ATTR_PRINTF(3, 4);
      |                                       ~~~~~~~~~~~~^~~~~~
make: *** [Core/Src/subdir.mk:37: Core/Src/main.o] Error 1
"make -j7 all" terminated with exit code 2. Build might be incomplete.
19:23:59 **** Incremental Build of configuration Debug for project IMU_Testing ****
make -j7 all 
arm-none-eabi-gcc "../Core/Src/main.c" -mcpu=cortex-m0plus -std=gnu11 -g3 -DDEBUG -DUSE_HAL_DRIVER -DSTM32L073xx -c -I../Core/Inc -I../Drivers/STM32L0xx_HAL_Driver/Inc -I../Drivers/STM32L0xx_HAL_Driver/Inc/Legacy -I../Drivers/CMSIS/Device/ST/STM32L0xx/Include -I../Drivers/CMSIS/Include -O0 -ffunction-sections -fdata-sections -Wall -fstack-usage -fcyclomatic-complexity -MMD -MP -MF"Core/Src/main.d" -MT"Core/Src/main.o" --specs=nano.specs -mfloat-abi=soft -mthumb -o "Core/Src/main.o"
../Core/Src/main.c: In function 'main':
../Core/Src/main.c:77:3: warning: statement with no effect [-Wunused-value]
   77 |   MX_USART2_UART_Init
      |   ^~~~~~~~~~~~~~~~~~~
../Core/Src/main.c:77:22: error: expected ';' before 'uint8_t'
   77 |   MX_USART2_UART_Init
      |                      ^
      |                      ;
   78 |   /* USER CODE BEGIN 2 */
   79 |   uint8_t INT1_CTRL = 0x01;     // Acc data-ready interrupt on INT1
      |   ~~~~~~~             
../Core/Src/main.c:85:57: error: 'INT1_CTRL' undeclared (first use in this function)
   85 |   HAL_I2C_Mem_Write(&hi2c1, (0b01101010 << 1), 0x0, 1, &INT1_CTRL, 1, 100);     //data-ready interrupt pin
      |                                                         ^~~~~~~~~
../Core/Src/main.c:85:57: note: each undeclared identifier is reported only once for each function it appears in
../Core/Src/main.c:124:18: error: conflicting types for 'accel_data'; have 'size_t' {aka 'unsigned int'}
  124 |           size_t accel_data = snprintf_(uart_buffer_accel, 100, "Accel - X: %.2f g, Y: %.2f g, Z: %.2f g\r\n", accel_x_g, accel_y_g, accel_z_g);
      |                  ^~~~~~~~~~
../Core/Src/main.c:103:19: note: previous declaration of 'accel_data' with type 'uint8_t[6]' {aka 'unsigned char[6]'}
  103 |           uint8_t accel_data[6]; // Array to store X, Y, Z values
      |                   ^~~~~~~~~~
../Core/Src/main.c:125:18: error: conflicting types for 'gyro_data'; have 'size_t' {aka 'unsigned int'}
  125 |           size_t gyro_data = snprintf_(uart_buffer_gyro, 100, "Gyro - X: %.2f dps, Y: %.2f dps, Z: %.2f dps\r\n\n", gyro_x_dps, gyro_y_dps, gyro_z_dps);
      |                  ^~~~~~~~~
../Core/Src/main.c:113:19: note: previous declaration of 'gyro_data' with type 'uint8_t[6]' {aka 'unsigned char[6]'}
  113 |           uint8_t gyro_data[6];  // Array to store X, Y, Z values
      |                   ^~~~~~~~~
../Core/Src/main.c:125:18: warning: unused variable 'gyro_data' [-Wunused-variable]
  125 |           size_t gyro_data = snprintf_(uart_buffer_gyro, 100, "Gyro - X: %.2f dps, Y: %.2f dps, Z: %.2f dps\r\n\n", gyro_x_dps, gyro_y_dps, gyro_z_dps);
      |                  ^~~~~~~~~
../Core/Src/main.c:124:18: warning: unused variable 'accel_data' [-Wunused-variable]
  124 |           size_t accel_data = snprintf_(uart_buffer_accel, 100, "Accel - X: %.2f g, Y: %.2f g, Z: %.2f g\r\n", accel_x_g, accel_y_g, accel_z_g);
      |                  ^~~~~~~~~~
../Core/Src/main.c:105: confused by earlier errors, bailing out
make: *** [Core/Src/subdir.mk:37: Core/Src/main.o] Error 1
"make -j7 all" terminated with exit code 2. Build might be incomplete.
19:24:24 **** Incremental Build of configuration Debug for project IMU_Testing ****
make -j7 all 
arm-none-eabi-gcc "../Core/Src/main.c" -mcpu=cortex-m0plus -std=gnu11 -g3 -DDEBUG -DUSE_HAL_DRIVER -DSTM32L073xx -c -I../Core/Inc -I../Drivers/STM32L0xx_HAL_Driver/Inc -I../Drivers/STM32L0xx_HAL_Driver/Inc/Legacy -I../Drivers/CMSIS/Device/ST/STM32L0xx/Include -I../Drivers/CMSIS/Include -O0 -ffunction-sections -fdata-sections -Wall -fstack-usage -fcyclomatic-complexity -MMD -MP -MF"Core/Src/main.d" -MT"Core/Src/main.o" --specs=nano.specs -mfloat-abi=soft -mthumb -o "Core/Src/main.o"
../Core/Src/main.c: In function 'main':
../Core/Src/main.c:77:3: warning: statement with no effect [-Wunused-value]
   77 |   MX_USART2_UART_Init
      |   ^~~~~~~~~~~~~~~~~~~
../Core/Src/main.c:77:22: error: expected ';' before 'uint8_t'
   77 |   MX_USART2_UART_Init
      |                      ^
      |                      ;
   78 |   /* USER CODE BEGIN 2 */
   79 |   uint8_t INT1_CTRL = 0x01;     // Acc data-ready interrupt on INT1
      |   ~~~~~~~             
../Core/Src/main.c:85:57: error: 'INT1_CTRL' undeclared (first use in this function)
   85 |   HAL_I2C_Mem_Write(&hi2c1, (0b01101010 << 1), 0x0, 1, &INT1_CTRL, 1, 100);     //data-ready interrupt pin
      |                                                         ^~~~~~~~~
../Core/Src/main.c:85:57: note: each undeclared identifier is reported only once for each function it appears in
../Core/Src/main.c:124:18: error: conflicting types for 'accel_data'; have 'size_t' {aka 'unsigned int'}
  124 |           size_t accel_data = snprintf_(uart_buffer_accel, 100, "Accel - X: %.2f g, Y: %.2f g, Z: %.2f g\r\n", accel_x_g, accel_y_g, accel_z_g);
      |                  ^~~~~~~~~~
../Core/Src/main.c:103:19: note: previous declaration of 'accel_data' with type 'uint8_t[6]' {aka 'unsigned char[6]'}
  103 |           uint8_t accel_data[6]; // Array to store X, Y, Z values
      |                   ^~~~~~~~~~
../Core/Src/main.c:125:18: error: conflicting types for 'gyro_data'; have 'size_t' {aka 'unsigned int'}
  125 |           size_t gyro_data = snprintf_(uart_buffer_gyro, 100, "Gyro - X: %.2f dps, Y: %.2f dps, Z: %.2f dps\r\n\n", gyro_x_dps, gyro_y_dps, gyro_z_dps);
      |                  ^~~~~~~~~
../Core/Src/main.c:113:19: note: previous declaration of 'gyro_data' with type 'uint8_t[6]' {aka 'unsigned char[6]'}
  113 |           uint8_t gyro_data[6];  // Array to store X, Y, Z values
      |                   ^~~~~~~~~
../Core/Src/main.c:125:18: warning: unused variable 'gyro_data' [-Wunused-variable]
  125 |           size_t gyro_data = snprintf_(uart_buffer_gyro, 100, "Gyro - X: %.2f dps, Y: %.2f dps, Z: %.2f dps\r\n\n", gyro_x_dps, gyro_y_dps, gyro_z_dps);
      |                  ^~~~~~~~~
../Core/Src/main.c:124:18: warning: unused variable 'accel_data' [-Wunused-variable]
  124 |           size_t accel_data = snprintf_(uart_buffer_accel, 100, "Accel - X: %.2f g, Y: %.2f g, Z: %.2f g\r\n", accel_x_g, accel_y_g, accel_z_g);
      |                  ^~~~~~~~~~
../Core/Src/main.c:105: confused by earlier errors, bailing out
make: *** [Core/Src/subdir.mk:37: Core/Src/main.o] Error 1
"make -j7 all" terminated with exit code 2. Build might be incomplete.
19:24:44 **** Incremental Build of configuration Debug for project IMU_Testing ****
make -j7 all 
arm-none-eabi-gcc "../Core/Src/main.c" -mcpu=cortex-m0plus -std=gnu11 -g3 -DDEBUG -DUSE_HAL_DRIVER -DSTM32L073xx -c -I../Core/Inc -I../Drivers/STM32L0xx_HAL_Driver/Inc -I../Drivers/STM32L0xx_HAL_Driver/Inc/Legacy -I../Drivers/CMSIS/Device/ST/STM32L0xx/Include -I../Drivers/CMSIS/Include -O0 -ffunction-sections -fdata-sections -Wall -fstack-usage -fcyclomatic-complexity -MMD -MP -MF"Core/Src/main.d" -MT"Core/Src/main.o" --specs=nano.specs -mfloat-abi=soft -mthumb -o "Core/Src/main.o"
../Core/Src/main.c: In function 'main':
../Core/Src/main.c:77:3: warning: statement with no effect [-Wunused-value]
   77 |   MX_USART2_UART_Init
      |   ^~~~~~~~~~~~~~~~~~~
../Core/Src/main.c:77:22: error: expected ';' before 'uint8_t'
   77 |   MX_USART2_UART_Init
      |                      ^
      |                      ;
   78 |   /* USER CODE BEGIN 2 */
   79 |   uint8_t INT1_CTRL = 0x01;     // Acc data-ready interrupt on INT1
      |   ~~~~~~~             
../Core/Src/main.c:85:57: error: 'INT1_CTRL' undeclared (first use in this function)
   85 |   HAL_I2C_Mem_Write(&hi2c1, (0b01101010 << 1), 0x0, 1, &INT1_CTRL, 1, 100);     //data-ready interrupt pin
      |                                                         ^~~~~~~~~
../Core/Src/main.c:85:57: note: each undeclared identifier is reported only once for each function it appears in
make: *** [Core/Src/subdir.mk:37: Core/Src/main.o] Error 1
"make -j7 all" terminated with exit code 2. Build might be incomplete.
19:25:06 **** Incremental Build of configuration Debug for project IMU_Testing ****
make -j7 all 
arm-none-eabi-gcc "../Core/Src/main.c" -mcpu=cortex-m0plus -std=gnu11 -g3 -DDEBUG -DUSE_HAL_DRIVER -DSTM32L073xx -c -I../Core/Inc -I../Drivers/STM32L0xx_HAL_Driver/Inc -I../Drivers/STM32L0xx_HAL_Driver/Inc/Legacy -I../Drivers/CMSIS/Device/ST/STM32L0xx/Include -I../Drivers/CMSIS/Include -O0 -ffunction-sections -fdata-sections -Wall -fstack-usage -fcyclomatic-complexity -MMD -MP -MF"Core/Src/main.d" -MT"Core/Src/main.o" --specs=nano.specs -mfloat-abi=soft -mthumb -o "Core/Src/main.o"
arm-none-eabi-gcc -o "IMU_Testing.elf" @"objects.list"   -mcpu=cortex-m0plus -T"/Users/arpitarunkumaar/Desktop/controls-imu-testing/IMU_Testing/STM32L073RZTX_FLASH.ld" --specs=nosys.specs -Wl,-Map="IMU_Testing.map" -Wl,--gc-sections -static --specs=nano.specs -mfloat-abi=soft -mthumb -Wl,--start-group -lc -lm -Wl,--end-group
Finished building target: IMU_Testing.elf
 
arm-none-eabi-size  IMU_Testing.elf 
arm-none-eabi-objdump -h -S IMU_Testing.elf  > "IMU_Testing.list"
   text	   data	    bss	    dec	    hex	filename
  35884	     12	   1924	  37820	   93bc	IMU_Testing.elf
Finished building: default.size.stdout
 
Finished building: IMU_Testing.list
 
