19:25:06 **** Incremental Build of configuration Debug for project IMU_Testing ****
make -j7 all 
arm-none-eabi-gcc "../Core/Src/main.c" -mcpu=cortex-m0plus -std=gnu11 -g3 -DDEBUG -DUSE_HAL_DRIVER -DSTM32L073xx -c -I../Core/Inc -I../Drivers/STM32L0xx_HAL_Driver/Inc -I../Drivers/STM32L0xx_HAL_Driver/Inc/Legacy -I../Drivers/CMSIS/Device/ST/STM32L0xx/Include -I../Drivers/CMSIS/Include -O0 -ffunction-sections -fdata-sections -Wall -fstack-usage -fcyclomatic-complexity -MMD -MP -MF"Core/Src/main.d" -MT"Core/Src/main.o" --specs=nano.specs -mfloat-abi=soft -mthumb -o "Core/Src/main.o"
arm-none-eabi-gcc -o "IMU_Testing.elf" @"objects.list"   -mcpu=cortex-m0plus -T"/Users/arpitarunkumaar/Desktop/controls-imu-testing/IMU_Testing/STM32L073RZTX_FLASH.ld" --specs=nosys.specs -Wl,-Map="IMU_Testing.map" -Wl,--gc-sections -static --specs=nano.specs -mfloat-abi=soft -mthumb -Wl,--start-group -lc -lm -Wl,--end-group
Finished building target: IMU_Testing.elf
 
arm-none-eabi-size  IMU_Testing.elf 
arm-none-eabi-objdump -h -S IMU_Testing.elf  > "IMU_Testing.list"
   text	   data	    bss	    dec	    hex	filename
  35884	     12	   1924	  37820	   93bc	IMU_Testing.elf
Finished building: default.size.stdout
 
Finished building: IMU_Testing.list
 

19:25:07 Build Finished. 0 errors, 0 warnings. (took 829ms)

